Ground quality: {'policy': '31ce55a145ed46305d082a644e980bfdab24cc03d8ee3ffb01e1bfcded86b0dc', 'excluded': 3048, 'statuses': {'accepted': 149279, 'altitude_jump': 2449, 'unchecked': 1105, 'position_jump': 590, 'invalid_gnss': 9}, 'eligible_cells': 1689, 'visited_cells': 20005}
Plains: 89,1374, 2246 flights, 1165 starts, ground 185.0
Plains: 196,1312, 1596 flights, 1 starts, ground 188.0
Plains: 89,1375, 1463 flights, 1440 starts, ground 224.0
Hills: 186,1299, 3975 flights, 9 starts, ground 329.0
Hills: 199,1352, 3765 flights, 9 starts, ground 718.0
Hills: 191,1307, 3154 flights, 3 starts, ground 776.0
Low mountains: 185,1294, 19192 flights, 14921 starts, ground 959.0
Low mountains: 190,1306, 19011 flights, 4545 starts, ground 951.0
Low mountains: 184,1293, 18482 flights, 197 starts, ground 1193.0
High mountains: 183,1293, 16315 flights, 9 starts, ground 1768.0
High mountains: 185,1295, 15840 flights, 5 starts, ground 1756.0
High mountains: 184,1294, 15213 flights, 224 starts, ground 1966.5
45,739 distinct flights still need products (both methods, all selected cells)
Prepared 303/45,739 distinct flights on SSD
Prepared 738/45,739 distinct flights on SSD
Prepared 1,094/45,739 distinct flights on SSD
Prepared 1,543/45,739 distinct flights on SSD
Prepared 1,960/45,739 distinct flights on SSD
Prepared 2,370/45,739 distinct flights on SSD
Prepared 2,731/45,739 distinct flights on SSD
Prepared 3,013/45,739 distinct flights on SSD
Prepared 3,394/45,739 distinct flights on SSD
Prepared 3,747/45,739 distinct flights on SSD
Prepared 4,038/45,739 distinct flights on SSD
Prepared 4,303/45,739 distinct flights on SSD
Prepared 4,489/45,739 distinct flights on SSD
Prepared 4,660/45,739 distinct flights on SSD
Prepared 4,881/45,739 distinct flights on SSD
Prepared 5,085/45,739 distinct flights on SSD
Prepared 5,263/45,739 distinct flights on SSD
Prepared 5,454/45,739 distinct flights on SSD
Prepared 5,614/45,739 distinct flights on SSD
Prepared 5,821/45,739 distinct flights on SSD
Prepared 6,036/45,739 distinct flights on SSD
Prepared 6,246/45,739 distinct flights on SSD
Prepared 6,474/45,739 distinct flights on SSD
Prepared 6,694/45,739 distinct flights on SSD
Prepared 6,908/45,739 distinct flights on SSD
Prepared 7,122/45,739 distinct flights on SSD
Prepared 7,315/45,739 distinct flights on SSD
Prepared 7,520/45,739 distinct flights on SSD
Prepared 7,730/45,739 distinct flights on SSD
Prepared 7,912/45,739 distinct flights on SSD
Prepared 8,055/45,739 distinct flights on SSD
Prepared 8,230/45,739 distinct flights on SSD
Prepared 8,432/45,739 distinct flights on SSD
Prepared 8,625/45,739 distinct flights on SSD
Prepared 8,860/45,739 distinct flights on SSD
Prepared 9,045/45,739 distinct flights on SSD
Prepared 9,217/45,739 distinct flights on SSD
Prepared 9,369/45,739 distinct flights on SSD
Prepared 9,480/45,739 distinct flights on SSD
Prepared 9,592/45,739 distinct flights on SSD
Prepared 9,695/45,739 distinct flights on SSD
Prepared 9,835/45,739 distinct flights on SSD
Prepared 9,960/45,739 distinct flights on SSD
Prepared 10,062/45,739 distinct flights on SSD
Prepared 10,211/45,739 distinct flights on SSD
Prepared 10,389/45,739 distinct flights on SSD
Prepared 10,531/45,739 distinct flights on SSD
Prepared 10,680/45,739 distinct flights on SSD
Prepared 10,835/45,739 distinct flights on SSD
Prepared 11,025/45,739 distinct flights on SSD
Prepared 11,162/45,739 distinct flights on SSD
Prepared 11,307/45,739 distinct flights on SSD
Prepared 11,443/45,739 distinct flights on SSD
Prepared 11,601/45,739 distinct flights on SSD
Prepared 11,721/45,739 distinct flights on SSD
Prepared 11,830/45,739 distinct flights on SSD
Prepared 11,911/45,739 distinct flights on SSD
Prepared 12,029/45,739 distinct flights on SSD
Prepared 12,178/45,739 distinct flights on SSD
Prepared 12,295/45,739 distinct flights on SSD
Prepared 12,441/45,739 distinct flights on SSD
Prepared 12,585/45,739 distinct flights on SSD
Prepared 12,729/45,739 distinct flights on SSD
Prepared 12,873/45,739 distinct flights on SSD
Prepared 12,996/45,739 distinct flights on SSD
Prepared 13,130/45,739 distinct flights on SSD
Prepared 13,261/45,739 distinct flights on SSD
Prepared 13,384/45,739 distinct flights on SSD
Prepared 13,521/45,739 distinct flights on SSD
Prepared 13,665/45,739 distinct flights on SSD
Prepared 13,824/45,739 distinct flights on SSD
Prepared 13,975/45,739 distinct flights on SSD
Prepared 14,150/45,739 distinct flights on SSD
Prepared 14,317/45,739 distinct flights on SSD
Prepared 14,496/45,739 distinct flights on SSD
Prepared 14,662/45,739 distinct flights on SSD
Prepared 14,817/45,739 distinct flights on SSD
Prepared 14,943/45,739 distinct flights on SSD
Prepared 15,098/45,739 distinct flights on SSD
Prepared 15,231/45,739 distinct flights on SSD
Prepared 15,367/45,739 distinct flights on SSD
Prepared 15,520/45,739 distinct flights on SSD
Prepared 15,680/45,739 distinct flights on SSD
Prepared 15,841/45,739 distinct flights on SSD
Prepared 15,972/45,739 distinct flights on SSD
Prepared 16,136/45,739 distinct flights on SSD
Prepared 16,268/45,739 distinct flights on SSD
Prepared 16,408/45,739 distinct flights on SSD
Prepared 16,523/45,739 distinct flights on SSD
Prepared 16,635/45,739 distinct flights on SSD
Prepared 16,762/45,739 distinct flights on SSD
Prepared 16,884/45,739 distinct flights on SSD
Prepared 16,999/45,739 distinct flights on SSD
Prepared 17,156/45,739 distinct flights on SSD
Prepared 17,291/45,739 distinct flights on SSD
Prepared 17,413/45,739 distinct flights on SSD
Prepared 17,558/45,739 distinct flights on SSD
Prepared 17,673/45,739 distinct flights on SSD
Prepared 17,776/45,739 distinct flights on SSD
Prepared 17,903/45,739 distinct flights on SSD
Prepared 18,018/45,739 distinct flights on SSD
Prepared 18,154/45,739 distinct flights on SSD
Prepared 18,273/45,739 distinct flights on SSD
Prepared 18,407/45,739 distinct flights on SSD
Prepared 18,543/45,739 distinct flights on SSD
Prepared 18,689/45,739 distinct flights on SSD
Prepared 18,857/45,739 distinct flights on SSD
Prepared 19,008/45,739 distinct flights on SSD
Prepared 19,145/45,739 distinct flights on SSD
Prepared 19,278/45,739 distinct flights on SSD
Prepared 19,433/45,739 distinct flights on SSD
Prepared 19,558/45,739 distinct flights on SSD
Prepared 19,664/45,739 distinct flights on SSD
Prepared 19,768/45,739 distinct flights on SSD
Prepared 19,877/45,739 distinct flights on SSD
Prepared 19,989/45,739 distinct flights on SSD
Prepared 20,088/45,739 distinct flights on SSD
Prepared 20,183/45,739 distinct flights on SSD
Prepared 20,281/45,739 distinct flights on SSD
Prepared 20,366/45,739 distinct flights on SSD
Prepared 20,461/45,739 distinct flights on SSD
Prepared 20,594/45,739 distinct flights on SSD
Prepared 20,740/45,739 distinct flights on SSD
Prepared 20,869/45,739 distinct flights on SSD
Prepared 20,966/45,739 distinct flights on SSD
Prepared 21,074/45,739 distinct flights on SSD
Prepared 21,220/45,739 distinct flights on SSD
Prepared 21,351/45,739 distinct flights on SSD
Prepared 21,491/45,739 distinct flights on SSD
Prepared 21,597/45,739 distinct flights on SSD
Prepared 21,714/45,739 distinct flights on SSD
Prepared 21,838/45,739 distinct flights on SSD
Prepared 21,980/45,739 distinct flights on SSD
Prepared 22,098/45,739 distinct flights on SSD
Prepared 22,241/45,739 distinct flights on SSD
Prepared 22,402/45,739 distinct flights on SSD
Prepared 22,545/45,739 distinct flights on SSD
Prepared 22,678/45,739 distinct flights on SSD
Prepared 22,826/45,739 distinct flights on SSD
Prepared 22,965/45,739 distinct flights on SSD
Prepared 23,078/45,739 distinct flights on SSD
Prepared 23,212/45,739 distinct flights on SSD
Prepared 23,344/45,739 distinct flights on SSD
Prepared 23,460/45,739 distinct flights on SSD
Prepared 23,562/45,739 distinct flights on SSD
Prepared 23,679/45,739 distinct flights on SSD
Prepared 23,748/45,739 distinct flights on SSD
Prepared 23,836/45,739 distinct flights on SSD
Prepared 23,937/45,739 distinct flights on SSD
Prepared 24,038/45,739 distinct flights on SSD
Prepared 24,119/45,739 distinct flights on SSD
Prepared 24,218/45,739 distinct flights on SSD
Prepared 24,322/45,739 distinct flights on SSD
Prepared 24,402/45,739 distinct flights on SSD
Prepared 24,496/45,739 distinct flights on SSD
Prepared 24,606/45,739 distinct flights on SSD
Prepared 24,682/45,739 distinct flights on SSD
Prepared 24,784/45,739 distinct flights on SSD
Prepared 24,872/45,739 distinct flights on SSD
Prepared 24,954/45,739 distinct flights on SSD
Prepared 25,049/45,739 distinct flights on SSD
Prepared 25,138/45,739 distinct flights on SSD
Prepared 25,233/45,739 distinct flights on SSD
Prepared 25,358/45,739 distinct flights on SSD
Prepared 25,459/45,739 distinct flights on SSD
Prepared 25,547/45,739 distinct flights on SSD
Prepared 25,618/45,739 distinct flights on SSD
Prepared 25,693/45,739 distinct flights on SSD
Prepared 25,768/45,739 distinct flights on SSD
Prepared 25,819/45,739 distinct flights on SSD
Prepared 25,897/45,739 distinct flights on SSD
Prepared 25,968/45,739 distinct flights on SSD
Prepared 26,061/45,739 distinct flights on SSD
Prepared 26,158/45,739 distinct flights on SSD
Prepared 26,264/45,739 distinct flights on SSD
Prepared 26,395/45,739 distinct flights on SSD
Prepared 26,493/45,739 distinct flights on SSD
Prepared 26,573/45,739 distinct flights on SSD
Prepared 26,654/45,739 distinct flights on SSD
Prepared 26,726/45,739 distinct flights on SSD
Prepared 26,777/45,739 distinct flights on SSD
Prepared 26,840/45,739 distinct flights on SSD
Prepared 26,901/45,739 distinct flights on SSD
Prepared 26,938/45,739 distinct flights on SSD
Prepared 26,992/45,739 distinct flights on SSD
Prepared 27,029/45,739 distinct flights on SSD
Prepared 27,079/45,739 distinct flights on SSD
Prepared 27,154/45,739 distinct flights on SSD
Prepared 27,206/45,739 distinct flights on SSD
Prepared 27,269/45,739 distinct flights on SSD
Prepared 27,303/45,739 distinct flights on SSD
Prepared 27,383/45,739 distinct flights on SSD
Prepared 27,446/45,739 distinct flights on SSD
Prepared 27,531/45,739 distinct flights on SSD
Prepared 27,610/45,739 distinct flights on SSD
Prepared 27,665/45,739 distinct flights on SSD
Prepared 27,746/45,739 distinct flights on SSD
Prepared 27,824/45,739 distinct flights on SSD
Prepared 27,896/45,739 distinct flights on SSD
Prepared 27,957/45,739 distinct flights on SSD
Prepared 28,029/45,739 distinct flights on SSD
Prepared 28,087/45,739 distinct flights on SSD
Prepared 28,137/45,739 distinct flights on SSD
Prepared 28,203/45,739 distinct flights on SSD
Prepared 28,274/45,739 distinct flights on SSD
Prepared 28,344/45,739 distinct flights on SSD
Prepared 28,425/45,739 distinct flights on SSD
Prepared 28,512/45,739 distinct flights on SSD
Prepared 28,599/45,739 distinct flights on SSD
Prepared 28,667/45,739 distinct flights on SSD
Prepared 28,751/45,739 distinct flights on SSD
Prepared 28,857/45,739 distinct flights on SSD
Prepared 28,955/45,739 distinct flights on SSD
Prepared 29,044/45,739 distinct flights on SSD
Prepared 29,145/45,739 distinct flights on SSD
Prepared 29,248/45,739 distinct flights on SSD
Prepared 29,324/45,739 distinct flights on SSD
Prepared 29,394/45,739 distinct flights on SSD
Prepared 29,465/45,739 distinct flights on SSD
Prepared 29,535/45,739 distinct flights on SSD
Prepared 29,595/45,739 distinct flights on SSD
Prepared 29,664/45,739 distinct flights on SSD
Prepared 29,734/45,739 distinct flights on SSD
Prepared 29,810/45,739 distinct flights on SSD
Prepared 29,877/45,739 distinct flights on SSD
Prepared 29,931/45,739 distinct flights on SSD
Prepared 29,990/45,739 distinct flights on SSD
Prepared 30,044/45,739 distinct flights on SSD
Prepared 30,097/45,739 distinct flights on SSD
Prepared 30,155/45,739 distinct flights on SSD
Prepared 30,234/45,739 distinct flights on SSD
Prepared 30,301/45,739 distinct flights on SSD
Prepared 30,349/45,739 distinct flights on SSD
Prepared 30,393/45,739 distinct flights on SSD
Prepared 30,436/45,739 distinct flights on SSD
Prepared 30,503/45,739 distinct flights on SSD
Prepared 30,571/45,739 distinct flights on SSD
Prepared 30,642/45,739 distinct flights on SSD
Prepared 30,729/45,739 distinct flights on SSD
Prepared 30,794/45,739 distinct flights on SSD
Prepared 30,888/45,739 distinct flights on SSD
Prepared 30,976/45,739 distinct flights on SSD
Prepared 31,048/45,739 distinct flights on SSD
Prepared 31,122/45,739 distinct flights on SSD
Prepared 31,209/45,739 distinct flights on SSD
Prepared 31,289/45,739 distinct flights on SSD
Prepared 31,361/45,739 distinct flights on SSD
Prepared 31,427/45,739 distinct flights on SSD
Prepared 31,499/45,739 distinct flights on SSD
Prepared 31,561/45,739 distinct flights on SSD
Prepared 31,624/45,739 distinct flights on SSD
Prepared 31,690/45,739 distinct flights on SSD
Prepared 31,748/45,739 distinct flights on SSD
Prepared 31,801/45,739 distinct flights on SSD
Prepared 31,855/45,739 distinct flights on SSD
Prepared 31,912/45,739 distinct flights on SSD
Prepared 31,973/45,739 distinct flights on SSD
Prepared 32,044/45,739 distinct flights on SSD
Prepared 32,106/45,739 distinct flights on SSD
Prepared 32,190/45,739 distinct flights on SSD
Prepared 32,257/45,739 distinct flights on SSD
Prepared 32,334/45,739 distinct flights on SSD
Prepared 32,389/45,739 distinct flights on SSD
Prepared 32,429/45,739 distinct flights on SSD
Prepared 32,469/45,739 distinct flights on SSD
Prepared 32,535/45,739 distinct flights on SSD
Prepared 32,605/45,739 distinct flights on SSD
Prepared 32,646/45,739 distinct flights on SSD
Prepared 32,688/45,739 distinct flights on SSD
Prepared 32,759/45,739 distinct flights on SSD
Prepared 32,814/45,739 distinct flights on SSD
Prepared 32,877/45,739 distinct flights on SSD
Prepared 32,928/45,739 distinct flights on SSD
Prepared 32,964/45,739 distinct flights on SSD
Prepared 33,001/45,739 distinct flights on SSD
Prepared 33,051/45,739 distinct flights on SSD
Prepared 33,146/45,739 distinct flights on SSD
Prepared 33,228/45,739 distinct flights on SSD
Prepared 33,293/45,739 distinct flights on SSD
Prepared 33,358/45,739 distinct flights on SSD
Prepared 33,402/45,739 distinct flights on SSD
Prepared 33,452/45,739 distinct flights on SSD
Prepared 33,513/45,739 distinct flights on SSD
Prepared 33,568/45,739 distinct flights on SSD
Prepared 33,624/45,739 distinct flights on SSD
Prepared 33,676/45,739 distinct flights on SSD
Prepared 33,716/45,739 distinct flights on SSD
Prepared 33,750/45,739 distinct flights on SSD
Prepared 33,778/45,739 distinct flights on SSD
Prepared 33,815/45,739 distinct flights on SSD
Prepared 33,880/45,739 distinct flights on SSD
Prepared 33,934/45,739 distinct flights on SSD
Prepared 33,994/45,739 distinct flights on SSD
Prepared 34,044/45,739 distinct flights on SSD
Prepared 34,095/45,739 distinct flights on SSD
Prepared 34,140/45,739 distinct flights on SSD
Prepared 34,175/45,739 distinct flights on SSD
Prepared 34,211/45,739 distinct flights on SSD
Prepared 34,259/45,739 distinct flights on SSD
Prepared 34,304/45,739 distinct flights on SSD
Prepared 34,348/45,739 distinct flights on SSD
Prepared 34,393/45,739 distinct flights on SSD
Prepared 34,439/45,739 distinct flights on SSD
Traceback (most recent call last):
  File "/Users/matteodisante/local_master_thesis/soaring-anomalous-transport/scripts/prepare_thermal_planes.py", line 101, in <module>
    raise SystemExit(main())
                     ^^^^^^
  File "/Users/matteodisante/local_master_thesis/soaring-anomalous-transport/scripts/prepare_thermal_planes.py", line 73, in main
    prepare_climbs(index, workers=args.workers, progress=progress)
  File "/Users/matteodisante/local_master_thesis/soaring-anomalous-transport/src/soaring/viewer/thermal_prepare.py", line 165, in prepare_climbs
    collect()
  File "/Users/matteodisante/local_master_thesis/soaring-anomalous-transport/src/soaring/viewer/thermal_prepare.py", line 125, in collect
    saved.commit()
sqlite3.OperationalError: database is locked
Ground quality: {'policy': '31ce55a145ed46305d082a644e980bfdab24cc03d8ee3ffb01e1bfcded86b0dc', 'excluded': 3048, 'statuses': {'accepted': 149279, 'altitude_jump': 2449, 'unchecked': 1105, 'position_jump': 590, 'invalid_gnss': 9}, 'eligible_cells': 1689, 'visited_cells': 20005}
Plains: 89,1374, 2246 flights, 1165 starts, ground 185.0
Plains: 196,1312, 1596 flights, 1 starts, ground 188.0
Plains: 89,1375, 1463 flights, 1440 starts, ground 224.0
Hills: 186,1299, 3975 flights, 9 starts, ground 329.0
Hills: 199,1352, 3765 flights, 9 starts, ground 718.0
Hills: 191,1307, 3154 flights, 3 starts, ground 776.0
Low mountains: 185,1294, 19192 flights, 14921 starts, ground 959.0
Low mountains: 190,1306, 19011 flights, 4545 starts, ground 951.0
Low mountains: 184,1293, 18482 flights, 197 starts, ground 1193.0
High mountains: 183,1293, 16315 flights, 9 starts, ground 1768.0
High mountains: 185,1295, 15840 flights, 5 starts, ground 1756.0
High mountains: 184,1294, 15213 flights, 224 starts, ground 1966.5
11,271 distinct flights still need products (both methods, all selected cells)
Prepared 1/11,271 distinct flights on SSD
Prepared 86/11,271 distinct flights on SSD
Prepared 150/11,271 distinct flights on SSD
Prepared 209/11,271 distinct flights on SSD
Prepared 279/11,271 distinct flights on SSD
Prepared 360/11,271 distinct flights on SSD
Prepared 423/11,271 distinct flights on SSD
Prepared 498/11,271 distinct flights on SSD
Prepared 571/11,271 distinct flights on SSD
Prepared 657/11,271 distinct flights on SSD
Prepared 724/11,271 distinct flights on SSD
Prepared 809/11,271 distinct flights on SSD
Prepared 873/11,271 distinct flights on SSD
Prepared 949/11,271 distinct flights on SSD
Prepared 1,010/11,271 distinct flights on SSD
Prepared 1,073/11,271 distinct flights on SSD
Prepared 1,141/11,271 distinct flights on SSD
Prepared 1,201/11,271 distinct flights on SSD
Prepared 1,267/11,271 distinct flights on SSD
Prepared 1,298/11,271 distinct flights on SSD
Prepared 1,377/11,271 distinct flights on SSD
Prepared 1,473/11,271 distinct flights on SSD
Prepared 1,542/11,271 distinct flights on SSD
Prepared 1,635/11,271 distinct flights on SSD
Prepared 1,709/11,271 distinct flights on SSD
Prepared 1,771/11,271 distinct flights on SSD
Prepared 1,854/11,271 distinct flights on SSD
Prepared 1,937/11,271 distinct flights on SSD
Prepared 1,995/11,271 distinct flights on SSD
Prepared 2,047/11,271 distinct flights on SSD
Prepared 2,112/11,271 distinct flights on SSD
Prepared 2,178/11,271 distinct flights on SSD
Prepared 2,277/11,271 distinct flights on SSD
Prepared 2,352/11,271 distinct flights on SSD
Prepared 2,450/11,271 distinct flights on SSD
Prepared 2,520/11,271 distinct flights on SSD
Prepared 2,578/11,271 distinct flights on SSD
Prepared 2,645/11,271 distinct flights on SSD
Prepared 2,746/11,271 distinct flights on SSD
Prepared 2,836/11,271 distinct flights on SSD
Prepared 2,925/11,271 distinct flights on SSD
Prepared 2,984/11,271 distinct flights on SSD
Prepared 3,050/11,271 distinct flights on SSD
Prepared 3,126/11,271 distinct flights on SSD
Prepared 3,216/11,271 distinct flights on SSD
Prepared 3,301/11,271 distinct flights on SSD
Prepared 3,376/11,271 distinct flights on SSD
Prepared 3,441/11,271 distinct flights on SSD
Prepared 3,532/11,271 distinct flights on SSD
Prepared 3,636/11,271 distinct flights on SSD
Prepared 3,716/11,271 distinct flights on SSD
Prepared 3,789/11,271 distinct flights on SSD
Prepared 3,849/11,271 distinct flights on SSD
Prepared 3,915/11,271 distinct flights on SSD
Prepared 3,995/11,271 distinct flights on SSD
Prepared 4,052/11,271 distinct flights on SSD
Prepared 4,103/11,271 distinct flights on SSD
Prepared 4,140/11,271 distinct flights on SSD
Prepared 4,173/11,271 distinct flights on SSD
Prepared 4,216/11,271 distinct flights on SSD
Prepared 4,266/11,271 distinct flights on SSD
Prepared 4,341/11,271 distinct flights on SSD
Prepared 4,407/11,271 distinct flights on SSD
Prepared 4,465/11,271 distinct flights on SSD
Prepared 4,512/11,271 distinct flights on SSD
Prepared 4,583/11,271 distinct flights on SSD
Prepared 4,663/11,271 distinct flights on SSD
Prepared 4,735/11,271 distinct flights on SSD
Prepared 4,804/11,271 distinct flights on SSD
Prepared 4,874/11,271 distinct flights on SSD
Prepared 4,936/11,271 distinct flights on SSD
Prepared 5,013/11,271 distinct flights on SSD
Prepared 5,093/11,271 distinct flights on SSD
Prepared 5,172/11,271 distinct flights on SSD
Prepared 5,223/11,271 distinct flights on SSD
Prepared 5,292/11,271 distinct flights on SSD
Prepared 5,365/11,271 distinct flights on SSD
Prepared 5,451/11,271 distinct flights on SSD
Prepared 5,523/11,271 distinct flights on SSD
Prepared 5,587/11,271 distinct flights on SSD
Prepared 5,665/11,271 distinct flights on SSD
Prepared 5,723/11,271 distinct flights on SSD
Prepared 5,772/11,271 distinct flights on SSD
Prepared 5,844/11,271 distinct flights on SSD
Prepared 5,898/11,271 distinct flights on SSD
Prepared 5,946/11,271 distinct flights on SSD
Prepared 6,001/11,271 distinct flights on SSD
Prepared 6,081/11,271 distinct flights on SSD
Prepared 6,147/11,271 distinct flights on SSD
Prepared 6,201/11,271 distinct flights on SSD
Prepared 6,253/11,271 distinct flights on SSD
Prepared 6,312/11,271 distinct flights on SSD
Prepared 6,368/11,271 distinct flights on SSD
Prepared 6,423/11,271 distinct flights on SSD
Prepared 6,488/11,271 distinct flights on SSD
Prepared 6,566/11,271 distinct flights on SSD
Prepared 6,625/11,271 distinct flights on SSD
Prepared 6,671/11,271 distinct flights on SSD
Prepared 6,716/11,271 distinct flights on SSD
Prepared 6,763/11,271 distinct flights on SSD
Prepared 6,794/11,271 distinct flights on SSD
Prepared 6,840/11,271 distinct flights on SSD
Prepared 6,906/11,271 distinct flights on SSD
Prepared 6,964/11,271 distinct flights on SSD
Prepared 7,027/11,271 distinct flights on SSD
Prepared 7,089/11,271 distinct flights on SSD
Prepared 7,157/11,271 distinct flights on SSD
Prepared 7,223/11,271 distinct flights on SSD
Prepared 7,275/11,271 distinct flights on SSD
Prepared 7,316/11,271 distinct flights on SSD
Prepared 7,360/11,271 distinct flights on SSD
Prepared 7,405/11,271 distinct flights on SSD
Prepared 7,455/11,271 distinct flights on SSD
Prepared 7,511/11,271 distinct flights on SSD
Prepared 7,558/11,271 distinct flights on SSD
Prepared 7,613/11,271 distinct flights on SSD
Prepared 7,661/11,271 distinct flights on SSD
Prepared 7,706/11,271 distinct flights on SSD
Prepared 7,751/11,271 distinct flights on SSD
Prepared 7,794/11,271 distinct flights on SSD
Prepared 7,847/11,271 distinct flights on SSD
Prepared 7,917/11,271 distinct flights on SSD
Prepared 7,963/11,271 distinct flights on SSD
Prepared 8,003/11,271 distinct flights on SSD
Prepared 8,042/11,271 distinct flights on SSD
Prepared 8,081/11,271 distinct flights on SSD
Prepared 8,151/11,271 distinct flights on SSD
Prepared 8,208/11,271 distinct flights on SSD
Prepared 8,275/11,271 distinct flights on SSD
Prepared 8,356/11,271 distinct flights on SSD
Prepared 8,422/11,271 distinct flights on SSD
Prepared 8,493/11,271 distinct flights on SSD
Prepared 8,559/11,271 distinct flights on SSD
Prepared 8,613/11,271 distinct flights on SSD
Prepared 8,669/11,271 distinct flights on SSD
Prepared 8,730/11,271 distinct flights on SSD
Prepared 8,775/11,271 distinct flights on SSD
Prepared 8,804/11,271 distinct flights on SSD
Prepared 8,841/11,271 distinct flights on SSD
Prepared 8,872/11,271 distinct flights on SSD
Prepared 8,896/11,271 distinct flights on SSD
Prepared 8,922/11,271 distinct flights on SSD
Prepared 8,968/11,271 distinct flights on SSD
Prepared 9,017/11,271 distinct flights on SSD
Prepared 9,064/11,271 distinct flights on SSD
Prepared 9,095/11,271 distinct flights on SSD
Prepared 9,143/11,271 distinct flights on SSD
Prepared 9,188/11,271 distinct flights on SSD
Prepared 9,221/11,271 distinct flights on SSD
Prepared 9,264/11,271 distinct flights on SSD
Prepared 9,301/11,271 distinct flights on SSD
Prepared 9,335/11,271 distinct flights on SSD
Prepared 9,377/11,271 distinct flights on SSD
Prepared 9,418/11,271 distinct flights on SSD
Prepared 9,442/11,271 distinct flights on SSD
Prepared 9,473/11,271 distinct flights on SSD
Prepared 9,503/11,271 distinct flights on SSD
Prepared 9,533/11,271 distinct flights on SSD
Prepared 9,590/11,271 distinct flights on SSD
Prepared 9,652/11,271 distinct flights on SSD
Prepared 9,707/11,271 distinct flights on SSD
Prepared 9,754/11,271 distinct flights on SSD
Prepared 9,803/11,271 distinct flights on SSD
Prepared 9,859/11,271 distinct flights on SSD
Prepared 9,915/11,271 distinct flights on SSD
Prepared 9,961/11,271 distinct flights on SSD
Prepared 10,023/11,271 distinct flights on SSD
Prepared 10,091/11,271 distinct flights on SSD
Prepared 10,169/11,271 distinct flights on SSD
Prepared 10,219/11,271 distinct flights on SSD
Prepared 10,256/11,271 distinct flights on SSD
Prepared 10,302/11,271 distinct flights on SSD
Prepared 10,360/11,271 distinct flights on SSD
Prepared 10,401/11,271 distinct flights on SSD
Prepared 10,443/11,271 distinct flights on SSD
Prepared 10,576/11,271 distinct flights on SSD
Prepared 10,734/11,271 distinct flights on SSD
Prepared 10,881/11,271 distinct flights on SSD
Prepared 10,991/11,271 distinct flights on SSD
Prepared 11,106/11,271 distinct flights on SSD
Prepared 11,200/11,271 distinct flights on SSD
Plains 89/1374: 4,492 products to prepare
Plains 196/1312: 3,192 products to prepare
Plains 89/1375: 2,926 products to prepare
Hills 186/1299: 7,950 products to prepare
Hills 199/1352: 7,530 products to prepare
Hills 191/1307: 6,308 products to prepare
Low mountains 185/1294: 38,384 products to prepare
  12,000/38,384 saved
  25,000/38,384 saved
  37,000/38,384 saved
Low mountains 190/1306: 38,022 products to prepare
  8,000/38,022 saved
  14,000/38,022 saved
  21,000/38,022 saved
  30,000/38,022 saved
  37,000/38,022 saved
Low mountains 184/1293: 36,964 products to prepare
  9,000/36,964 saved
  15,000/36,964 saved
  21,000/36,964 saved
  29,000/36,964 saved
  36,000/36,964 saved
High mountains 183/1293: 32,630 products to prepare
  13,000/32,630 saved
  28,000/32,630 saved
High mountains 185/1295: 31,680 products to prepare
  10,000/31,680 saved
  21,000/31,680 saved
  31,000/31,680 saved
High mountains 184/1294: 30,426 products to prepare
  9,000/30,426 saved
  18,000/30,426 saved
  28,000/30,426 saved
Prepared points: 8,288,639
Ready for viewer: /Volumes/SSD_DISANTE/paragliders/ffvl_cfd_igc/derived/viewer/thermal-planes/thermal-planes.sqlite3
Saved: /Volumes/SSD_DISANTE/paragliders/ffvl_cfd_igc/derived/viewer/thermal-planes
Plains: 2,246 crossing flights, ground 185.0 m, maximum 2186.2 m AGL
Plains: 1,596 crossing flights, ground 188.0 m, maximum 3395.7 m AGL
Plains: 1,463 crossing flights, ground 224.0 m, maximum 2111.3 m AGL
Hills: 3,975 crossing flights, ground 329.0 m, maximum 2885.0 m AGL
Hills: 3,765 crossing flights, ground 718.0 m, maximum 2639.2 m AGL
Hills: 3,154 crossing flights, ground 776.0 m, maximum 2721.5 m AGL
Low mountains: 19,192 crossing flights, ground 959.0 m, maximum 2956.2 m AGL
Low mountains: 19,011 crossing flights, ground 951.0 m, maximum 2773.0 m AGL
Low mountains: 18,482 crossing flights, ground 1193.0 m, maximum 2624.7 m AGL
High mountains: 16,315 crossing flights, ground 1768.0 m, maximum 2046.9 m AGL
High mountains: 15,840 crossing flights, ground 1756.0 m, maximum 2153.0 m AGL
High mountains: 15,213 crossing flights, ground 1966.5 m, maximum 1959.4 m AGL
