This is pdfTeX, Version 3.141592653-2.6-1.40.27 (TeX Live 2025/Homebrew) (preloaded format=pdflatex 2025.3.15)  21 SEP 2026 16:33
entering extended mode
 restricted \write18 enabled.
 %&-line parsing enabled.
**main.tex
(./main.tex
LaTeX2e <2024-11-01> patch level 2
L3 programming layer <2025-01-18>
(./preamble.tex
(/opt/homebrew/Cellar/texlive/20250308_1/share/texmf-dist/tex/latex/base/report
.cls
Document Class: report 2024/06/29 v1.4n Standard LaTeX document class

(/opt/homebrew/Cellar/texlive/20250308_1/share/texmf-dist/tex/latex/base/size11
.clo
File: size11.clo 2024/06/29 v1.4n Standard LaTeX file (size option)
)
\c@part=\count196
\c@chapter=\count197
\c@section=\count198
\c@subsection=\count199
\c@subsubsection=\count266
\c@paragraph=\count267
\c@subparagraph=\count268
\c@figure=\count269
\c@table=\count270
\abovecaptionskip=\skip49
\belowcaptionskip=\skip50
\bibindent=\dimen141
)
(/opt/homebrew/Cellar/texlive/20250308_1/share/texmf-dist/tex/latex/base/inpute
nc.sty
Package: inputenc 2024/02/08 v1.3d Input encoding file
\inpenc@prehook=\toks17
\inpenc@posthook=\toks18
)
(/opt/homebrew/Cellar/texlive/20250308_1/share/texmf-dist/tex/latex/base/fonten
c.sty
Package: fontenc 2021/04/29 v2.0v Standard LaTeX package
)
(/opt/homebrew/Cellar/texlive/20250308_1/share/texmf-dist/tex/latex/lm/lmodern.
sty
Package: lmodern 2015/05/01 v1.6.1 Latin Modern Fonts
LaTeX Font Info:    Overwriting symbol font `operators' in version `normal'
(Font)                  OT1/cmr/m/n --> OT1/lmr/m/n on input line 22.
LaTeX Font Info:    Overwriting symbol font `letters' in version `normal'
(Font)                  OML/cmm/m/it --> OML/lmm/m/it on input line 23.
LaTeX Font Info:    Overwriting symbol font `symbols' in version `normal'
(Font)                  OMS/cmsy/m/n --> OMS/lmsy/m/n on input line 24.
LaTeX Font Info:    Overwriting symbol font `largesymbols' in version `normal'
(Font)                  OMX/cmex/m/n --> OMX/lmex/m/n on input line 25.
LaTeX Font Info:    Overwriting symbol font `operators' in version `bold'
(Font)                  OT1/cmr/bx/n --> OT1/lmr/bx/n on input line 26.
LaTeX Font Info:    Overwriting symbol font `letters' in version `bold'
(Font)                  OML/cmm/b/it --> OML/lmm/b/it on input line 27.
LaTeX Font Info:    Overwriting symbol font `symbols' in version `bold'
(Font)                  OMS/cmsy/b/n --> OMS/lmsy/b/n on input line 28.
LaTeX Font Info:    Overwriting symbol font `largesymbols' in version `bold'
(Font)                  OMX/cmex/m/n --> OMX/lmex/m/n on input line 29.
LaTeX Font Info:    Overwriting math alphabet `\mathbf' in version `normal'
(Font)                  OT1/cmr/bx/n --> OT1/lmr/bx/n on input line 31.
LaTeX Font Info:    Overwriting math alphabet `\mathsf' in version `normal'
(Font)                  OT1/cmss/m/n --> OT1/lmss/m/n on input line 32.
LaTeX Font Info:    Overwriting math alphabet `\mathit' in version `normal'
(Font)                  OT1/cmr/m/it --> OT1/lmr/m/it on input line 33.
LaTeX Font Info:    Overwriting math alphabet `\mathtt' in version `normal'
(Font)                  OT1/cmtt/m/n --> OT1/lmtt/m/n on input line 34.
LaTeX Font Info:    Overwriting math alphabet `\mathbf' in version `bold'
(Font)                  OT1/cmr/bx/n --> OT1/lmr/bx/n on input line 35.
LaTeX Font Info:    Overwriting math alphabet `\mathsf' in version `bold'
(Font)                  OT1/cmss/bx/n --> OT1/lmss/bx/n on input line 36.
LaTeX Font Info:    Overwriting math alphabet `\mathit' in version `bold'
(Font)                  OT1/cmr/bx/it --> OT1/lmr/bx/it on input line 37.
LaTeX Font Info:    Overwriting math alphabet `\mathtt' in version `bold'
(Font)                  OT1/cmtt/m/n --> OT1/lmtt/m/n on input line 38.
)
(/opt/homebrew/Cellar/texlive/20250308_1/share/texmf-dist/tex/generic/babel/bab
el.sty
Package: babel 2025/02/14 v25.4 The multilingual framework for pdfLaTeX, LuaLaT
eX and XeLaTeX
\babel@savecnt=\count271
\U@D=\dimen142
\l@unhyphenated=\language90

(/opt/homebrew/Cellar/texlive/20250308_1/share/texmf-dist/tex/generic/babel/txt
babel.def)
\bbl@readstream=\read2
\bbl@dirlevel=\count272

(/opt/homebrew/Cellar/texlive/20250308_1/share/texmf-dist/tex/generic/babel-eng
lish/english.ldf
Language: english 2017/06/06 v3.3r English support from the babel system
Package babel Info: Hyphen rules for 'canadian' set to \l@english
(babel)             (\language0). Reported on input line 102.
Package babel Info: Hyphen rules for 'australian' set to \l@ukenglish
(babel)             (\language22). Reported on input line 105.
Package babel Info: Hyphen rules for 'newzealand' set to \l@ukenglish
(babel)             (\language22). Reported on input line 108.
))
(/opt/homebrew/Cellar/texlive/20250308_1/share/texmf-dist/tex/generic/babel/loc
ale/en/babel-english.tex
Package babel Info: Importing font and identification data for english
(babel)             from babel-en.ini. Reported on input line 11.
)
(/opt/homebrew/Cellar/texlive/20250308_1/share/texmf-dist/tex/latex/amsmath/ams
math.sty
Package: amsmath 2024/11/05 v2.17t AMS math features
\@mathmargin=\skip51

For additional information on amsmath, use the `?' option.

(/opt/homebrew/Cellar/texlive/20250308_1/share/texmf-dist/tex/latex/amsmath/ams
text.sty
Package: amstext 2021/08/26 v2.01 AMS text

(/opt/homebrew/Cellar/texlive/20250308_1/share/texmf-dist/tex/latex/amsmath/ams
gen.sty
File: amsgen.sty 1999/11/30 v2.0 generic functions
\@emptytoks=\toks19
\ex@=\dimen143
))
(/opt/homebrew/Cellar/texlive/20250308_1/share/texmf-dist/tex/latex/amsmath/ams
bsy.sty
Package: amsbsy 1999/11/29 v1.2d Bold Symbols
\pmbraise@=\dimen144
)
(/opt/homebrew/Cellar/texlive/20250308_1/share/texmf-dist/tex/latex/amsmath/ams
opn.sty
Package: amsopn 2022/04/08 v2.04 operator names
)
\inf@bad=\count273
LaTeX Info: Redefining \frac on input line 233.
\uproot@=\count274
\leftroot@=\count275
LaTeX Info: Redefining \overline on input line 398.
LaTeX Info: Redefining \colon on input line 409.
\classnum@=\count276
\DOTSCASE@=\count277
LaTeX Info: Redefining \ldots on input line 495.
LaTeX Info: Redefining \dots on input line 498.
LaTeX Info: Redefining \cdots on input line 619.
\Mathstrutbox@=\box52
\strutbox@=\box53
LaTeX Info: Redefining \big on input line 721.
LaTeX Info: Redefining \Big on input line 722.
LaTeX Info: Redefining \bigg on input line 723.
LaTeX Info: Redefining \Bigg on input line 724.
\big@size=\dimen145
LaTeX Font Info:    Redeclaring font encoding OML on input line 742.
LaTeX Font Info:    Redeclaring font encoding OMS on input line 743.
\macc@depth=\count278
LaTeX Info: Redefining \bmod on input line 904.
LaTeX Info: Redefining \pmod on input line 909.
LaTeX Info: Redefining \smash on input line 939.
LaTeX Info: Redefining \relbar on input line 969.
LaTeX Info: Redefining \Relbar on input line 970.
\c@MaxMatrixCols=\count279
\dotsspace@=\muskip17
\c@parentequation=\count280
\dspbrk@lvl=\count281
\tag@help=\toks20
\row@=\count282
\column@=\count283
\maxfields@=\count284
\andhelp@=\toks21
\eqnshift@=\dimen146
\alignsep@=\dimen147
\tagshift@=\dimen148
\tagwidth@=\dimen149
\totwidth@=\dimen150
\lineht@=\dimen151
\@envbody=\toks22
\multlinegap=\skip52
\multlinetaggap=\skip53
\mathdisplay@stack=\toks23
LaTeX Info: Redefining \[ on input line 2953.
LaTeX Info: Redefining \] on input line 2954.
)
(/opt/homebrew/Cellar/texlive/20250308_1/share/texmf-dist/tex/latex/amsfonts/am
ssymb.sty
Package: amssymb 2013/01/14 v3.01 AMS font symbols

(/opt/homebrew/Cellar/texlive/20250308_1/share/texmf-dist/tex/latex/amsfonts/am
sfonts.sty
Package: amsfonts 2013/01/14 v3.01 Basic AMSFonts support
\symAMSa=\mathgroup4
\symAMSb=\mathgroup5
LaTeX Font Info:    Redeclaring math symbol \hbar on input line 98.
LaTeX Font Info:    Overwriting math alphabet `\mathfrak' in version `bold'
(Font)                  U/euf/m/n --> U/euf/b/n on input line 106.
))
(/opt/homebrew/Cellar/texlive/20250308_1/share/texmf-dist/tex/latex/enumitem/en
umitem.sty
Package: enumitem 2025/02/06 v3.11 Customized lists
\enitkv@toks@=\toks24
\labelindent=\skip54
\enit@outerparindent=\dimen152
\enit@toks=\toks25
\enit@inbox=\box54
\enit@count@id=\count285
\enitdp@description=\count286
)
(/opt/homebrew/Cellar/texlive/20250308_1/share/texmf-dist/tex/latex/geometry/ge
ometry.sty
Package: geometry 2020/01/02 v5.9 Page Geometry

(/opt/homebrew/Cellar/texlive/20250308_1/share/texmf-dist/tex/latex/graphics/ke
yval.sty
Package: keyval 2022/05/29 v1.15 key=value parser (DPC)
\KV@toks@=\toks26
)
(/opt/homebrew/Cellar/texlive/20250308_1/share/texmf-dist/tex/generic/iftex/ifv
tex.sty
Package: ifvtex 2019/10/25 v1.7 ifvtex legacy package. Use iftex instead.

(/opt/homebrew/Cellar/texlive/20250308_1/share/texmf-dist/tex/generic/iftex/ift
ex.sty
Package: iftex 2024/12/12 v1.0g TeX engine tests
))
\Gm@cnth=\count287
\Gm@cntv=\count288
\c@Gm@tempcnt=\count289
\Gm@bindingoffset=\dimen153
\Gm@wd@mp=\dimen154
\Gm@odd@mp=\dimen155
\Gm@even@mp=\dimen156
\Gm@layoutwidth=\dimen157
\Gm@layoutheight=\dimen158
\Gm@layouthoffset=\dimen159
\Gm@layoutvoffset=\dimen160
\Gm@dimlist=\toks27
)
(/opt/homebrew/Cellar/texlive/20250308_1/share/texmf-dist/tex/latex/microtype/m
icrotype.sty
Package: microtype 2025/02/11 v3.2a Micro-typographical refinements (RS)

(/opt/homebrew/Cellar/texlive/20250308_1/share/texmf-dist/tex/latex/etoolbox/et
oolbox.sty
Package: etoolbox 2025/02/11 v2.5l e-TeX tools for LaTeX (JAW)
\etb@tempcnta=\count290
)
\MT@toks=\toks28
\MT@tempbox=\box55
\MT@count=\count291
LaTeX Info: Redefining \noprotrusionifhmode on input line 1087.
LaTeX Info: Redefining \leftprotrusion on input line 1088.
\MT@prot@toks=\toks29
LaTeX Info: Redefining \rightprotrusion on input line 1107.
LaTeX Info: Redefining \textls on input line 1449.
\MT@outer@kern=\dimen161
LaTeX Info: Redefining \microtypecontext on input line 2053.
LaTeX Info: Redefining \textmicrotypecontext on input line 2070.
\MT@listname@count=\count292

(/opt/homebrew/Cellar/texlive/20250308_1/share/texmf-dist/tex/latex/microtype/m
icrotype-pdftex.def
File: microtype-pdftex.def 2025/02/11 v3.2a Definitions specific to pdftex (RS)

LaTeX Info: Redefining \lsstyle on input line 944.
LaTeX Info: Redefining \lslig on input line 944.
\MT@outer@space=\skip55
)
Package microtype Info: Loading configuration file microtype.cfg.

(/opt/homebrew/Cellar/texlive/20250308_1/share/texmf-dist/tex/latex/microtype/m
icrotype.cfg
File: microtype.cfg 2025/02/11 v3.2a microtype main configuration file (RS)
)
LaTeX Info: Redefining \microtypesetup on input line 3065.
)
(/opt/homebrew/Cellar/texlive/20250308_1/share/texmf-dist/tex/latex/graphics/gr
aphicx.sty
Package: graphicx 2021/09/16 v1.2d Enhanced LaTeX Graphics (DPC,SPQR)

(/opt/homebrew/Cellar/texlive/20250308_1/share/texmf-dist/tex/latex/graphics/gr
aphics.sty
Package: graphics 2024/08/06 v1.4g Standard LaTeX Graphics (DPC,SPQR)

(/opt/homebrew/Cellar/texlive/20250308_1/share/texmf-dist/tex/latex/graphics/tr
ig.sty
Package: trig 2023/12/02 v1.11 sin cos tan (DPC)
)
(/opt/homebrew/Cellar/texlive/20250308_1/share/texmf-dist/tex/latex/graphics-cf
g/graphics.cfg
File: graphics.cfg 2016/06/04 v1.11 sample graphics configuration
)
Package graphics Info: Driver file: pdftex.def on input line 106.

(/opt/homebrew/Cellar/texlive/20250308_1/share/texmf-dist/tex/latex/graphics-de
f/pdftex.def
File: pdftex.def 2024/04/13 v1.2c Graphics/color driver for pdftex
))
\Gin@req@height=\dimen162
\Gin@req@width=\dimen163
)
(/opt/homebrew/Cellar/texlive/20250308_1/share/texmf-dist/tex/latex/placeins/pl
aceins.sty
Package: placeins 2005/04/18  v 2.2
)
(/opt/homebrew/Cellar/texlive/20250308_1/share/texmf-dist/tex/latex/float/float
.sty
Package: float 2001/11/08 v1.3d Float enhancements (AL)
\c@float@type=\count293
\float@exts=\toks30
\float@box=\box56
\@float@everytoks=\toks31
\@floatcapt=\box57
)
(/opt/homebrew/Cellar/texlive/20250308_1/share/texmf-dist/tex/latex/caption/cap
tion.sty
Package: caption 2023/08/05 v3.6o Customizing captions (AR)

(/opt/homebrew/Cellar/texlive/20250308_1/share/texmf-dist/tex/latex/caption/cap
tion3.sty
Package: caption3 2023/07/31 v2.4d caption3 kernel (AR)
\caption@tempdima=\dimen164
\captionmargin=\dimen165
\caption@leftmargin=\dimen166
\caption@rightmargin=\dimen167
\caption@width=\dimen168
\caption@indent=\dimen169
\caption@parindent=\dimen170
\caption@hangindent=\dimen171
Package caption Info: Standard document class detected.
)
\c@caption@flags=\count294
\c@continuedfloat=\count295
Package caption Info: float package is loaded.
)
(/opt/homebrew/Cellar/texlive/20250308_1/share/texmf-dist/tex/latex/booktabs/bo
oktabs.sty
Package: booktabs 2020/01/12 v1.61803398 Publication quality tables
\heavyrulewidth=\dimen172
\lightrulewidth=\dimen173
\cmidrulewidth=\dimen174
\belowrulesep=\dimen175
\belowbottomsep=\dimen176
\aboverulesep=\dimen177
\abovetopsep=\dimen178
\cmidrulesep=\dimen179
\cmidrulekern=\dimen180
\defaultaddspace=\dimen181
\@cmidla=\count296
\@cmidlb=\count297
\@aboverulesep=\dimen182
\@belowrulesep=\dimen183
\@thisruleclass=\count298
\@lastruleclass=\count299
\@thisrulewidth=\dimen184
)
(/opt/homebrew/Cellar/texlive/20250308_1/share/texmf-dist/tex/latex/tools/tabul
arx.sty
Package: tabularx 2023/12/11 v2.12a `tabularx' package (DPC)

(/opt/homebrew/Cellar/texlive/20250308_1/share/texmf-dist/tex/latex/tools/array
.sty
Package: array 2024/10/17 v2.6g Tabular extension package (FMi)
\col@sep=\dimen185
\ar@mcellbox=\box58
\extrarowheight=\dimen186
\NC@list=\toks32
\extratabsurround=\skip56
\backup@length=\skip57
\ar@cellbox=\box59
)
\TX@col@width=\dimen187
\TX@old@table=\dimen188
\TX@old@col=\dimen189
\TX@target=\dimen190
\TX@delta=\dimen191
\TX@cols=\count300
\TX@ftn=\toks33
)
(/opt/homebrew/Cellar/texlive/20250308_1/share/texmf-dist/tex/latex/tools/longt
able.sty
Package: longtable 2024-10-27 v4.22 Multi-page Table package (DPC)
\LTleft=\skip58
\LTright=\skip59
\LTpre=\skip60
\LTpost=\skip61
\LTchunksize=\count301
\LTcapwidth=\dimen192
\LT@head=\box60
\LT@firsthead=\box61
\LT@foot=\box62
\LT@lastfoot=\box63
\LT@gbox=\box64
\LT@cols=\count302
\LT@rows=\count303
\c@LT@tables=\count304
\c@LT@chunks=\count305
\LT@p@ftn=\toks34
)
(/opt/homebrew/Cellar/texlive/20250308_1/share/texmf-dist/tex/latex/needspace/n
eedspace.sty
Package: needspace 2010/09/12 v1.3d reserve vertical space
)
(/opt/homebrew/Cellar/texlive/20250308_1/share/texmf-dist/tex/latex/multirow/mu
ltirow.sty
Package: multirow 2024/11/12 v2.9 Span multiple rows of a table
\multirow@colwidth=\skip62
\multirow@cntb=\count306
\multirow@dima=\skip63
\bigstrutjot=\dimen193
)
(/opt/homebrew/Cellar/texlive/20250308_1/share/texmf-dist/tex/latex/siunitx/siu
nitx.sty
Package: siunitx 2025-02-27 v3.4.6 A comprehensive (SI) units package
\l__siunitx_number_uncert_offset_int=\count307
\l__siunitx_number_exponent_fixed_int=\count308
\l__siunitx_number_min_decimal_int=\count309
\l__siunitx_number_min_integer_int=\count310
\l__siunitx_number_round_precision_int=\count311
\l__siunitx_number_lower_threshold_int=\count312
\l__siunitx_number_upper_threshold_int=\count313
\l__siunitx_number_group_first_int=\count314
\l__siunitx_number_group_size_int=\count315
\l__siunitx_number_group_minimum_int=\count316
\l__siunitx_angle_tmp_dim=\dimen194
\l__siunitx_angle_marker_box=\box65
\l__siunitx_angle_unit_box=\box66
\l__siunitx_compound_count_int=\count317

(/opt/homebrew/Cellar/texlive/20250308_1/share/texmf-dist/tex/latex/translation
s/translations.sty
Package: translations 2022/02/05 v1.12 internationalization of LaTeX2e packages
 (CN)

(/opt/homebrew/Cellar/texlive/20250308_1/share/texmf-dist/tex/generic/pdftexcmd
s/pdftexcmds.sty
Package: pdftexcmds 2020-06-27 v0.33 Utility functions of pdfTeX for LuaTeX (HO
)

(/opt/homebrew/Cellar/texlive/20250308_1/share/texmf-dist/tex/generic/infwarerr
/infwarerr.sty
Package: infwarerr 2019/12/03 v1.5 Providing info/warning/error messages (HO)
)
(/opt/homebrew/Cellar/texlive/20250308_1/share/texmf-dist/tex/generic/ltxcmds/l
txcmds.sty
Package: ltxcmds 2023-12-04 v1.26 LaTeX kernel commands for general use (HO)
)
Package pdftexcmds Info: \pdf@primitive is available.
Package pdftexcmds Info: \pdf@ifprimitive is available.
Package pdftexcmds Info: \pdfdraftmode found.
))
\l__siunitx_table_tmp_box=\box67
\l__siunitx_table_tmp_dim=\dimen195
\l__siunitx_table_column_width_dim=\dimen196
\l__siunitx_table_integer_box=\box68
\l__siunitx_table_decimal_box=\box69
\l__siunitx_table_uncert_box=\box70
\l__siunitx_table_before_box=\box71
\l__siunitx_table_after_box=\box72
\l__siunitx_table_before_dim=\dimen197
\l__siunitx_table_carry_dim=\dimen198
\l__siunitx_unit_tmp_int=\count318
\l__siunitx_unit_position_int=\count319
\l__siunitx_unit_total_int=\count320
)
(/opt/homebrew/Cellar/texlive/20250308_1/share/texmf-dist/tex/latex/xcolor/xcol
or.sty
Package: xcolor 2024/09/29 v3.02 LaTeX color extensions (UK)

(/opt/homebrew/Cellar/texlive/20250308_1/share/texmf-dist/tex/latex/graphics-cf
g/color.cfg
File: color.cfg 2016/01/02 v1.6 sample color configuration
)
Package xcolor Info: Driver file: pdftex.def on input line 274.

(/opt/homebrew/Cellar/texlive/20250308_1/share/texmf-dist/tex/latex/graphics/ma
thcolor.ltx)
Package xcolor Info: Model `cmy' substituted by `cmy0' on input line 1349.
Package xcolor Info: Model `hsb' substituted by `rgb' on input line 1353.
Package xcolor Info: Model `RGB' extended on input line 1365.
Package xcolor Info: Model `HTML' substituted by `rgb' on input line 1367.
Package xcolor Info: Model `Hsb' substituted by `hsb' on input line 1368.
Package xcolor Info: Model `tHsb' substituted by `hsb' on input line 1369.
Package xcolor Info: Model `HSB' substituted by `hsb' on input line 1370.
Package xcolor Info: Model `Gray' substituted by `gray' on input line 1371.
Package xcolor Info: Model `wave' substituted by `hsb' on input line 1372.
)
(/opt/homebrew/Cellar/texlive/20250308_1/share/texmf-dist/tex/latex/csquotes/cs
quotes.sty
Package: csquotes 2024-04-04 v5.2o context-sensitive quotations (JAW)
\csq@reset=\count321
\csq@gtype=\count322
\csq@glevel=\count323
\csq@qlevel=\count324
\csq@maxlvl=\count325
\csq@tshold=\count326
\csq@ltx@everypar=\toks35

(/opt/homebrew/Cellar/texlive/20250308_1/share/texmf-dist/tex/latex/csquotes/cs
quotes.def
File: csquotes.def 2024-04-04 v5.2o csquotes generic definitions (JAW)
)
Package csquotes Info: Trying to load configuration file 'csquotes.cfg'...
Package csquotes Info: ... configuration file loaded successfully.

(/opt/homebrew/Cellar/texlive/20250308_1/share/texmf-dist/tex/latex/csquotes/cs
quotes.cfg
File: csquotes.cfg 
))
(/opt/homebrew/Cellar/texlive/20250308_1/share/texmf-dist/tex/latex/hyperref/xr
-hyper.sty
Package: xr-hyper 2024-11-05 v7.01l eXternal References (DPC)
)
(/opt/homebrew/Cellar/texlive/20250308_1/share/texmf-dist/tex/latex/hyperref/hy
perref.sty
Package: hyperref 2024-11-05 v7.01l Hypertext links for LaTeX

(/opt/homebrew/Cellar/texlive/20250308_1/share/texmf-dist/tex/latex/kvsetkeys/k
vsetkeys.sty
Package: kvsetkeys 2022-10-05 v1.19 Key value parser (HO)
)
(/opt/homebrew/Cellar/texlive/20250308_1/share/texmf-dist/tex/generic/kvdefinek
eys/kvdefinekeys.sty
Package: kvdefinekeys 2019-12-19 v1.6 Define keys (HO)
)
(/opt/homebrew/Cellar/texlive/20250308_1/share/texmf-dist/tex/generic/pdfescape
/pdfescape.sty
Package: pdfescape 2019/12/09 v1.15 Implements pdfTeX's escape features (HO)
)
(/opt/homebrew/Cellar/texlive/20250308_1/share/texmf-dist/tex/latex/hycolor/hyc
olor.sty
Package: hycolor 2020-01-27 v1.10 Color options for hyperref/bookmark (HO)
)
(/opt/homebrew/Cellar/texlive/20250308_1/share/texmf-dist/tex/latex/hyperref/na
meref.sty
Package: nameref 2023-11-26 v2.56 Cross-referencing by name of section

(/opt/homebrew/Cellar/texlive/20250308_1/share/texmf-dist/tex/latex/refcount/re
fcount.sty
Package: refcount 2019/12/15 v3.6 Data extraction from label references (HO)
)
(/opt/homebrew/Cellar/texlive/20250308_1/share/texmf-dist/tex/generic/gettitles
tring/gettitlestring.sty
Package: gettitlestring 2019/12/15 v1.6 Cleanup title references (HO)

(/opt/homebrew/Cellar/texlive/20250308_1/share/texmf-dist/tex/latex/kvoptions/k
voptions.sty
Package: kvoptions 2022-06-15 v3.15 Key value format for package options (HO)
))
\c@section@level=\count327
)
(/opt/homebrew/Cellar/texlive/20250308_1/share/texmf-dist/tex/generic/stringenc
/stringenc.sty
Package: stringenc 2019/11/29 v1.12 Convert strings between diff. encodings (HO
)
)
\@linkdim=\dimen199
\Hy@linkcounter=\count328
\Hy@pagecounter=\count329

(/opt/homebrew/Cellar/texlive/20250308_1/share/texmf-dist/tex/latex/hyperref/pd
1enc.def
File: pd1enc.def 2024-11-05 v7.01l Hyperref: PDFDocEncoding definition (HO)
Now handling font encoding PD1 ...
... no UTF-8 mapping file for font encoding PD1
)
(/opt/homebrew/Cellar/texlive/20250308_1/share/texmf-dist/tex/generic/intcalc/i
ntcalc.sty
Package: intcalc 2019/12/15 v1.3 Expandable calculations with integers (HO)
)
\Hy@SavedSpaceFactor=\count330

(/opt/homebrew/Cellar/texlive/20250308_1/share/texmf-dist/tex/latex/hyperref/pu
enc.def
File: puenc.def 2024-11-05 v7.01l Hyperref: PDF Unicode definition (HO)
Now handling font encoding PU ...
... no UTF-8 mapping file for font encoding PU
)
Package hyperref Info: Hyper figures OFF on input line 4157.
Package hyperref Info: Link nesting OFF on input line 4162.
Package hyperref Info: Hyper index ON on input line 4165.
Package hyperref Info: Plain pages OFF on input line 4172.
Package hyperref Info: Backreferencing OFF on input line 4177.
Package hyperref Info: Implicit mode ON; LaTeX internals redefined.
Package hyperref Info: Bookmarks ON on input line 4424.
\c@Hy@tempcnt=\count331

(/opt/homebrew/Cellar/texlive/20250308_1/share/texmf-dist/tex/latex/url/url.sty
\Urlmuskip=\muskip18
Package: url 2013/09/16  ver 3.4  Verb mode for urls, etc.
)
LaTeX Info: Redefining \url on input line 4763.
\XeTeXLinkMargin=\dimen256

(/opt/homebrew/Cellar/texlive/20250308_1/share/texmf-dist/tex/generic/bitset/bi
tset.sty
Package: bitset 2019/12/09 v1.3 Handle bit-vector datatype (HO)

(/opt/homebrew/Cellar/texlive/20250308_1/share/texmf-dist/tex/generic/bigintcal
c/bigintcalc.sty
Package: bigintcalc 2019/12/15 v1.5 Expandable calculations on big integers (HO
)
))
\Fld@menulength=\count332
\Field@Width=\dimen257
\Fld@charsize=\dimen258
Package hyperref Info: Hyper figures OFF on input line 6042.
Package hyperref Info: Link nesting OFF on input line 6047.
Package hyperref Info: Hyper index ON on input line 6050.
Package hyperref Info: backreferencing OFF on input line 6057.
Package hyperref Info: Link coloring OFF on input line 6062.
Package hyperref Info: Link coloring with OCG OFF on input line 6067.
Package hyperref Info: PDF/A mode OFF on input line 6072.

(/opt/homebrew/Cellar/texlive/20250308_1/share/texmf-dist/tex/latex/base/atbegs
hi-ltx.sty
Package: atbegshi-ltx 2021/01/10 v1.0c Emulation of the original atbegshi
package with kernel methods
)
\Hy@abspage=\count333
\c@Item=\count334
\c@Hfootnote=\count335
)
Package hyperref Info: Driver (autodetected): hpdftex.

(/opt/homebrew/Cellar/texlive/20250308_1/share/texmf-dist/tex/latex/hyperref/hp
dftex.def
File: hpdftex.def 2024-11-05 v7.01l Hyperref driver for pdfTeX

(/opt/homebrew/Cellar/texlive/20250308_1/share/texmf-dist/tex/latex/base/atvery
end-ltx.sty
Package: atveryend-ltx 2020/08/19 v1.0a Emulation of the original atveryend pac
kage
with kernel methods
)
\Fld@listcount=\count336
\c@bookmark@seq@number=\count337

(/opt/homebrew/Cellar/texlive/20250308_1/share/texmf-dist/tex/latex/rerunfilech
eck/rerunfilecheck.sty
Package: rerunfilecheck 2022-07-10 v1.10 Rerun checks for auxiliary files (HO)

(/opt/homebrew/Cellar/texlive/20250308_1/share/texmf-dist/tex/generic/uniquecou
nter/uniquecounter.sty
Package: uniquecounter 2019/12/15 v1.4 Provide unlimited unique counter (HO)
)
Package uniquecounter Info: New unique counter `rerunfilecheck' on input line 2
85.
)
\Hy@SectionHShift=\skip64
)
(/opt/homebrew/Cellar/texlive/20250308_1/share/texmf-dist/tex/latex/pgf/fronten
dlayer/tikz.sty
(/opt/homebrew/Cellar/texlive/20250308_1/share/texmf-dist/tex/latex/pgf/basicla
yer/pgf.sty
(/opt/homebrew/Cellar/texlive/20250308_1/share/texmf-dist/tex/latex/pgf/utiliti
es/pgfrcs.sty
(/opt/homebrew/Cellar/texlive/20250308_1/share/texmf-dist/tex/generic/pgf/utili
ties/pgfutil-common.tex
\pgfutil@everybye=\toks36
\pgfutil@tempdima=\dimen259
\pgfutil@tempdimb=\dimen260
)
(/opt/homebrew/Cellar/texlive/20250308_1/share/texmf-dist/tex/generic/pgf/utili
ties/pgfutil-latex.def
\pgfutil@abb=\box73
)
(/opt/homebrew/Cellar/texlive/20250308_1/share/texmf-dist/tex/generic/pgf/utili
ties/pgfrcs.code.tex
(/opt/homebrew/Cellar/texlive/20250308_1/share/texmf-dist/tex/generic/pgf/pgf.r
evision.tex)
Package: pgfrcs 2023-01-15 v3.1.10 (3.1.10)
))
Package: pgf 2023-01-15 v3.1.10 (3.1.10)

(/opt/homebrew/Cellar/texlive/20250308_1/share/texmf-dist/tex/latex/pgf/basicla
yer/pgfcore.sty
(/opt/homebrew/Cellar/texlive/20250308_1/share/texmf-dist/tex/latex/pgf/systeml
ayer/pgfsys.sty
(/opt/homebrew/Cellar/texlive/20250308_1/share/texmf-dist/tex/generic/pgf/syste
mlayer/pgfsys.code.tex
Package: pgfsys 2023-01-15 v3.1.10 (3.1.10)

(/opt/homebrew/Cellar/texlive/20250308_1/share/texmf-dist/tex/generic/pgf/utili
ties/pgfkeys.code.tex
\pgfkeys@pathtoks=\toks37
\pgfkeys@temptoks=\toks38

(/opt/homebrew/Cellar/texlive/20250308_1/share/texmf-dist/tex/generic/pgf/utili
ties/pgfkeyslibraryfiltered.code.tex
\pgfkeys@tmptoks=\toks39
))
\pgf@x=\dimen261
\pgf@y=\dimen262
\pgf@xa=\dimen263
\pgf@ya=\dimen264
\pgf@xb=\dimen265
\pgf@yb=\dimen266
\pgf@xc=\dimen267
\pgf@yc=\dimen268
\pgf@xd=\dimen269
\pgf@yd=\dimen270
\w@pgf@writea=\write3
\r@pgf@reada=\read3
\c@pgf@counta=\count338
\c@pgf@countb=\count339
\c@pgf@countc=\count340
\c@pgf@countd=\count341
\t@pgf@toka=\toks40
\t@pgf@tokb=\toks41
\t@pgf@tokc=\toks42
\pgf@sys@id@count=\count342

(/opt/homebrew/Cellar/texlive/20250308_1/share/texmf-dist/tex/generic/pgf/syste
mlayer/pgf.cfg
File: pgf.cfg 2023-01-15 v3.1.10 (3.1.10)
)
Driver file for pgf: pgfsys-pdftex.def

(/opt/homebrew/Cellar/texlive/20250308_1/share/texmf-dist/tex/generic/pgf/syste
mlayer/pgfsys-pdftex.def
File: pgfsys-pdftex.def 2023-01-15 v3.1.10 (3.1.10)

(/opt/homebrew/Cellar/texlive/20250308_1/share/texmf-dist/tex/generic/pgf/syste
mlayer/pgfsys-common-pdf.def
File: pgfsys-common-pdf.def 2023-01-15 v3.1.10 (3.1.10)
)))
(/opt/homebrew/Cellar/texlive/20250308_1/share/texmf-dist/tex/generic/pgf/syste
mlayer/pgfsyssoftpath.code.tex
File: pgfsyssoftpath.code.tex 2023-01-15 v3.1.10 (3.1.10)
\pgfsyssoftpath@smallbuffer@items=\count343
\pgfsyssoftpath@bigbuffer@items=\count344
)
(/opt/homebrew/Cellar/texlive/20250308_1/share/texmf-dist/tex/generic/pgf/syste
mlayer/pgfsysprotocol.code.tex
File: pgfsysprotocol.code.tex 2023-01-15 v3.1.10 (3.1.10)
))
(/opt/homebrew/Cellar/texlive/20250308_1/share/texmf-dist/tex/generic/pgf/basic
layer/pgfcore.code.tex
Package: pgfcore 2023-01-15 v3.1.10 (3.1.10)

(/opt/homebrew/Cellar/texlive/20250308_1/share/texmf-dist/tex/generic/pgf/math/
pgfmath.code.tex
(/opt/homebrew/Cellar/texlive/20250308_1/share/texmf-dist/tex/generic/pgf/math/
pgfmathutil.code.tex)
(/opt/homebrew/Cellar/texlive/20250308_1/share/texmf-dist/tex/generic/pgf/math/
pgfmathparser.code.tex
\pgfmath@dimen=\dimen271
\pgfmath@count=\count345
\pgfmath@box=\box74
\pgfmath@toks=\toks43
\pgfmath@stack@operand=\toks44
\pgfmath@stack@operation=\toks45
)
(/opt/homebrew/Cellar/texlive/20250308_1/share/texmf-dist/tex/generic/pgf/math/
pgfmathfunctions.code.tex)
(/opt/homebrew/Cellar/texlive/20250308_1/share/texmf-dist/tex/generic/pgf/math/
pgfmathfunctions.basic.code.tex)
(/opt/homebrew/Cellar/texlive/20250308_1/share/texmf-dist/tex/generic/pgf/math/
pgfmathfunctions.trigonometric.code.tex)
(/opt/homebrew/Cellar/texlive/20250308_1/share/texmf-dist/tex/generic/pgf/math/
pgfmathfunctions.random.code.tex)
(/opt/homebrew/Cellar/texlive/20250308_1/share/texmf-dist/tex/generic/pgf/math/
pgfmathfunctions.comparison.code.tex)
(/opt/homebrew/Cellar/texlive/20250308_1/share/texmf-dist/tex/generic/pgf/math/
pgfmathfunctions.base.code.tex)
(/opt/homebrew/Cellar/texlive/20250308_1/share/texmf-dist/tex/generic/pgf/math/
pgfmathfunctions.round.code.tex)
(/opt/homebrew/Cellar/texlive/20250308_1/share/texmf-dist/tex/generic/pgf/math/
pgfmathfunctions.misc.code.tex)
(/opt/homebrew/Cellar/texlive/20250308_1/share/texmf-dist/tex/generic/pgf/math/
pgfmathfunctions.integerarithmetics.code.tex)
(/opt/homebrew/Cellar/texlive/20250308_1/share/texmf-dist/tex/generic/pgf/math/
pgfmathcalc.code.tex)
(/opt/homebrew/Cellar/texlive/20250308_1/share/texmf-dist/tex/generic/pgf/math/
pgfmathfloat.code.tex
\c@pgfmathroundto@lastzeros=\count346
))
(/opt/homebrew/Cellar/texlive/20250308_1/share/texmf-dist/tex/generic/pgf/math/
pgfint.code.tex)
(/opt/homebrew/Cellar/texlive/20250308_1/share/texmf-dist/tex/generic/pgf/basic
layer/pgfcorepoints.code.tex
File: pgfcorepoints.code.tex 2023-01-15 v3.1.10 (3.1.10)
\pgf@picminx=\dimen272
\pgf@picmaxx=\dimen273
\pgf@picminy=\dimen274
\pgf@picmaxy=\dimen275
\pgf@pathminx=\dimen276
\pgf@pathmaxx=\dimen277
\pgf@pathminy=\dimen278
\pgf@pathmaxy=\dimen279
\pgf@xx=\dimen280
\pgf@xy=\dimen281
\pgf@yx=\dimen282
\pgf@yy=\dimen283
\pgf@zx=\dimen284
\pgf@zy=\dimen285
)
(/opt/homebrew/Cellar/texlive/20250308_1/share/texmf-dist/tex/generic/pgf/basic
layer/pgfcorepathconstruct.code.tex
File: pgfcorepathconstruct.code.tex 2023-01-15 v3.1.10 (3.1.10)
\pgf@path@lastx=\dimen286
\pgf@path@lasty=\dimen287
)
(/opt/homebrew/Cellar/texlive/20250308_1/share/texmf-dist/tex/generic/pgf/basic
layer/pgfcorepathusage.code.tex
File: pgfcorepathusage.code.tex 2023-01-15 v3.1.10 (3.1.10)
\pgf@shorten@end@additional=\dimen288
\pgf@shorten@start@additional=\dimen289
)
(/opt/homebrew/Cellar/texlive/20250308_1/share/texmf-dist/tex/generic/pgf/basic
layer/pgfcorescopes.code.tex
File: pgfcorescopes.code.tex 2023-01-15 v3.1.10 (3.1.10)
\pgfpic=\box75
\pgf@hbox=\box76
\pgf@layerbox@main=\box77
\pgf@picture@serial@count=\count347
)
(/opt/homebrew/Cellar/texlive/20250308_1/share/texmf-dist/tex/generic/pgf/basic
layer/pgfcoregraphicstate.code.tex
File: pgfcoregraphicstate.code.tex 2023-01-15 v3.1.10 (3.1.10)
\pgflinewidth=\dimen290
)
(/opt/homebrew/Cellar/texlive/20250308_1/share/texmf-dist/tex/generic/pgf/basic
layer/pgfcoretransformations.code.tex
File: pgfcoretransformations.code.tex 2023-01-15 v3.1.10 (3.1.10)
\pgf@pt@x=\dimen291
\pgf@pt@y=\dimen292
\pgf@pt@temp=\dimen293
)
(/opt/homebrew/Cellar/texlive/20250308_1/share/texmf-dist/tex/generic/pgf/basic
layer/pgfcorequick.code.tex
File: pgfcorequick.code.tex 2023-01-15 v3.1.10 (3.1.10)
)
(/opt/homebrew/Cellar/texlive/20250308_1/share/texmf-dist/tex/generic/pgf/basic
layer/pgfcoreobjects.code.tex
File: pgfcoreobjects.code.tex 2023-01-15 v3.1.10 (3.1.10)
)
(/opt/homebrew/Cellar/texlive/20250308_1/share/texmf-dist/tex/generic/pgf/basic
layer/pgfcorepathprocessing.code.tex
File: pgfcorepathprocessing.code.tex 2023-01-15 v3.1.10 (3.1.10)
)
(/opt/homebrew/Cellar/texlive/20250308_1/share/texmf-dist/tex/generic/pgf/basic
layer/pgfcorearrows.code.tex
File: pgfcorearrows.code.tex 2023-01-15 v3.1.10 (3.1.10)
\pgfarrowsep=\dimen294
)
(/opt/homebrew/Cellar/texlive/20250308_1/share/texmf-dist/tex/generic/pgf/basic
layer/pgfcoreshade.code.tex
File: pgfcoreshade.code.tex 2023-01-15 v3.1.10 (3.1.10)
\pgf@max=\dimen295
\pgf@sys@shading@range@num=\count348
\pgf@shadingcount=\count349
)
(/opt/homebrew/Cellar/texlive/20250308_1/share/texmf-dist/tex/generic/pgf/basic
layer/pgfcoreimage.code.tex
File: pgfcoreimage.code.tex 2023-01-15 v3.1.10 (3.1.10)
)
(/opt/homebrew/Cellar/texlive/20250308_1/share/texmf-dist/tex/generic/pgf/basic
layer/pgfcoreexternal.code.tex
File: pgfcoreexternal.code.tex 2023-01-15 v3.1.10 (3.1.10)
\pgfexternal@startupbox=\box78
)
(/opt/homebrew/Cellar/texlive/20250308_1/share/texmf-dist/tex/generic/pgf/basic
layer/pgfcorelayers.code.tex
File: pgfcorelayers.code.tex 2023-01-15 v3.1.10 (3.1.10)
)
(/opt/homebrew/Cellar/texlive/20250308_1/share/texmf-dist/tex/generic/pgf/basic
layer/pgfcoretransparency.code.tex
File: pgfcoretransparency.code.tex 2023-01-15 v3.1.10 (3.1.10)
)
(/opt/homebrew/Cellar/texlive/20250308_1/share/texmf-dist/tex/generic/pgf/basic
layer/pgfcorepatterns.code.tex
File: pgfcorepatterns.code.tex 2023-01-15 v3.1.10 (3.1.10)
)
(/opt/homebrew/Cellar/texlive/20250308_1/share/texmf-dist/tex/generic/pgf/basic
layer/pgfcorerdf.code.tex
File: pgfcorerdf.code.tex 2023-01-15 v3.1.10 (3.1.10)
)))
(/opt/homebrew/Cellar/texlive/20250308_1/share/texmf-dist/tex/generic/pgf/modul
es/pgfmoduleshapes.code.tex
File: pgfmoduleshapes.code.tex 2023-01-15 v3.1.10 (3.1.10)
\pgfnodeparttextbox=\box79
)
(/opt/homebrew/Cellar/texlive/20250308_1/share/texmf-dist/tex/generic/pgf/modul
es/pgfmoduleplot.code.tex
File: pgfmoduleplot.code.tex 2023-01-15 v3.1.10 (3.1.10)
)
(/opt/homebrew/Cellar/texlive/20250308_1/share/texmf-dist/tex/latex/pgf/compati
bility/pgfcomp-version-0-65.sty
Package: pgfcomp-version-0-65 2023-01-15 v3.1.10 (3.1.10)
\pgf@nodesepstart=\dimen296
\pgf@nodesepend=\dimen297
)
(/opt/homebrew/Cellar/texlive/20250308_1/share/texmf-dist/tex/latex/pgf/compati
bility/pgfcomp-version-1-18.sty
Package: pgfcomp-version-1-18 2023-01-15 v3.1.10 (3.1.10)
))
(/opt/homebrew/Cellar/texlive/20250308_1/share/texmf-dist/tex/latex/pgf/utiliti
es/pgffor.sty
(/opt/homebrew/Cellar/texlive/20250308_1/share/texmf-dist/tex/latex/pgf/utiliti
es/pgfkeys.sty
(/opt/homebrew/Cellar/texlive/20250308_1/share/texmf-dist/tex/generic/pgf/utili
ties/pgfkeys.code.tex))
(/opt/homebrew/Cellar/texlive/20250308_1/share/texmf-dist/tex/latex/pgf/math/pg
fmath.sty
(/opt/homebrew/Cellar/texlive/20250308_1/share/texmf-dist/tex/generic/pgf/math/
pgfmath.code.tex))
(/opt/homebrew/Cellar/texlive/20250308_1/share/texmf-dist/tex/generic/pgf/utili
ties/pgffor.code.tex
Package: pgffor 2023-01-15 v3.1.10 (3.1.10)
\pgffor@iter=\dimen298
\pgffor@skip=\dimen299
\pgffor@stack=\toks46
\pgffor@toks=\toks47
))
(/opt/homebrew/Cellar/texlive/20250308_1/share/texmf-dist/tex/generic/pgf/front
endlayer/tikz/tikz.code.tex
Package: tikz 2023-01-15 v3.1.10 (3.1.10)

(/opt/homebrew/Cellar/texlive/20250308_1/share/texmf-dist/tex/generic/pgf/libra
ries/pgflibraryplothandlers.code.tex
File: pgflibraryplothandlers.code.tex 2023-01-15 v3.1.10 (3.1.10)
\pgf@plot@mark@count=\count350
\pgfplotmarksize=\dimen300
)
\tikz@lastx=\dimen301
\tikz@lasty=\dimen302
\tikz@lastxsaved=\dimen303
\tikz@lastysaved=\dimen304
\tikz@lastmovetox=\dimen305
\tikz@lastmovetoy=\dimen306
\tikzleveldistance=\dimen307
\tikzsiblingdistance=\dimen308
\tikz@figbox=\box80
\tikz@figbox@bg=\box81
\tikz@tempbox=\box82
\tikz@tempbox@bg=\box83
\tikztreelevel=\count351
\tikznumberofchildren=\count352
\tikznumberofcurrentchild=\count353
\tikz@fig@count=\count354

(/opt/homebrew/Cellar/texlive/20250308_1/share/texmf-dist/tex/generic/pgf/modul
es/pgfmodulematrix.code.tex
File: pgfmodulematrix.code.tex 2023-01-15 v3.1.10 (3.1.10)
\pgfmatrixcurrentrow=\count355
\pgfmatrixcurrentcolumn=\count356
\pgf@matrix@numberofcolumns=\count357
)
\tikz@expandcount=\count358

(/opt/homebrew/Cellar/texlive/20250308_1/share/texmf-dist/tex/generic/pgf/front
endlayer/tikz/libraries/tikzlibrarytopaths.code.tex
File: tikzlibrarytopaths.code.tex 2023-01-15 v3.1.10 (3.1.10)
)))
(/opt/homebrew/Cellar/texlive/20250308_1/share/texmf-dist/tex/generic/pgf/libra
ries/pgflibraryarrows.meta.code.tex
File: pgflibraryarrows.meta.code.tex 2023-01-15 v3.1.10 (3.1.10)
\pgfarrowinset=\dimen309
\pgfarrowlength=\dimen310
\pgfarrowwidth=\dimen311
\pgfarrowlinewidth=\dimen312
)
(/opt/homebrew/Cellar/texlive/20250308_1/share/texmf-dist/tex/generic/pgf/front
endlayer/tikz/libraries/tikzlibrarycalc.code.tex
File: tikzlibrarycalc.code.tex 2023-01-15 v3.1.10 (3.1.10)
)
(/opt/homebrew/Cellar/texlive/20250308_1/share/texmf-dist/tex/generic/pgf/front
endlayer/tikz/libraries/tikzlibraryangles.code.tex
File: tikzlibraryangles.code.tex 2023-01-15 v3.1.10 (3.1.10)
)
(/opt/homebrew/Cellar/texlive/20250308_1/share/texmf-dist/tex/generic/pgf/front
endlayer/tikz/libraries/tikzlibraryquotes.code.tex
File: tikzlibraryquotes.code.tex 2023-01-15 v3.1.10 (3.1.10)
)
(/opt/homebrew/Cellar/texlive/20250308_1/share/texmf-dist/tex/generic/pgf/front
endlayer/tikz/libraries/tikzlibrarypositioning.code.tex
File: tikzlibrarypositioning.code.tex 2023-01-15 v3.1.10 (3.1.10)
)
(/opt/homebrew/Cellar/texlive/20250308_1/share/texmf-dist/tex/generic/pgf/front
endlayer/tikz/libraries/tikzlibrarydecorations.pathreplacing.code.tex
(/opt/homebrew/Cellar/texlive/20250308_1/share/texmf-dist/tex/generic/pgf/front
endlayer/tikz/libraries/tikzlibrarydecorations.code.tex
(/opt/homebrew/Cellar/texlive/20250308_1/share/texmf-dist/tex/generic/pgf/modul
es/pgfmoduledecorations.code.tex
\pgfdecoratedcompleteddistance=\dimen313
\pgfdecoratedremainingdistance=\dimen314
\pgfdecoratedinputsegmentcompleteddistance=\dimen315
\pgfdecoratedinputsegmentremainingdistance=\dimen316
\pgf@decorate@distancetomove=\dimen317
\pgf@decorate@repeatstate=\count359
\pgfdecorationsegmentamplitude=\dimen318
\pgfdecorationsegmentlength=\dimen319
)
\tikz@lib@dec@box=\box84
)
(/opt/homebrew/Cellar/texlive/20250308_1/share/texmf-dist/tex/generic/pgf/libra
ries/decorations/pgflibrarydecorations.pathreplacing.code.tex))
(/opt/homebrew/Cellar/texlive/20250308_1/share/texmf-dist/tex/latex/titlesec/ti
tletoc.sty
Package: titletoc 2025/01/04 v2.17 TOC entries
\ttl@leftsep=\dimen320
)
(/opt/homebrew/Cellar/texlive/20250308_1/share/texmf-dist/tex/latex/fancyhdr/fa
ncyhdr.sty
Package: fancyhdr 2025/02/07 v5.2 Extensive control of page headers and footers

\f@nch@headwidth=\skip65
\f@nch@offset@elh=\skip66
\f@nch@offset@erh=\skip67
\f@nch@offset@olh=\skip68
\f@nch@offset@orh=\skip69
\f@nch@offset@elf=\skip70
\f@nch@offset@erf=\skip71
\f@nch@offset@olf=\skip72
\f@nch@offset@orf=\skip73
\f@nch@height=\skip74
\f@nch@footalignment=\skip75
\f@nch@widthL=\skip76
\f@nch@widthC=\skip77
\f@nch@widthR=\skip78
\@temptokenb=\toks48
)
(/opt/homebrew/Cellar/texlive/20250308_1/share/texmf-dist/tex/latex/dejavu/Deja
VuSans.sty
Package: DejaVuSans 2011/06/01 Style file for DejaVuSans.
)
(/opt/homebrew/Cellar/texlive/20250308_1/share/texmf-dist/tex/latex/sansmath/sa
nsmath.sty
Package: sansmath 2007/02/28  ver 1.1 Donald Arseneau
\c@mv@sans=\count360
LaTeX Font Info:    Overwriting math alphabet `\mathrm' in version `sans'
(Font)                  OT1/cmr/m/n --> OT1/DejaVuSans-TLF/m/n on input line 10
3.
LaTeX Font Info:    Overwriting math alphabet `\mathsfsl' in version `sans'
(Font)                  OT1/DejaVuSans-TLF/m/sl --> OT1/DejaVuSans-TLF/m/sl on 
input line 104.
LaTeX Font Info:    Overwriting symbol font `operators' in version `sans'
(Font)                  OT1/cmr/m/n --> OT1/DejaVuSans-TLF/m/n on input line 10
5.
LaTeX Font Info:    Overwriting symbol font `letters' in version `sans'
(Font)                  OML/cmm/m/it --> OML/cmm/m/it on input line 109.
LaTeX Font Info:    Overwriting symbol font `symbols' in version `sans'
(Font)                  OMS/cmsy/m/n --> OMS/cmsy/m/n on input line 110.
LaTeX Font Info:    Overwriting math alphabet `\mathsfbf' in version `sans'
(Font)                  OT1/DejaVuSans-TLF/bx/sl --> OT1/DejaVuSans-TLF/bx/n on
 input line 112.
)
Package hyperref Info: Option `colorlinks' set `true' on input line 182.
Package hyperref Info: Option `bookmarksnumbered' set `true' on input line 182.


(/opt/homebrew/Cellar/texlive/20250308_1/share/texmf-dist/tex/latex/cite/cite.s
ty
LaTeX Info: Redefining \cite on input line 302.
LaTeX Info: Redefining \nocite on input line 332.
Package: cite 2015/02/27  v 5.5
) (./generated/stats.tex) (./generated/census.tex) (./generated/msd.tex)
(./generated/altitude_noise.tex) (./generated/pipeline_census.tex)
(./generated/trim.tex) (./generated/verify.tex) (./generated/audit.tex)
(./generated/prelim.tex) (./generated/terrain.tex)
(./generated/dataset_stats.tex) (./generated/kinematic_isotropy.tex)
(./generated/ch3_revision.tex) (./generated/ch3_terrain_axes_values.tex)
(./generated/ch3_channel_wind_values.tex)
(./generated/ch3_regional_variations_values.tex)
(./generated/ch3_grouped_tamsd_values.tex) (./generated/ch3_msd_weights.tex)
(./generated/ch3_altitude_hurst_values.tex)
(./generated/ch3_self_similarity_values.tex)
(./generated/duration_equipment.tex) (./generated/snapshot_status.tex)
(./generated/segmentation.tex) (./generated/ch5_vilpellet_values.tex))
Package csquotes Info: Checking for multilingual support...
Package csquotes Info: ... found 'babel' package.
Package csquotes Info: Adjusting default style.
Package csquotes Info: Redefining alias 'default' -> 'english'.
LaTeX Font Info:    Trying to load font information for T1+lmr on input line 14
.

(/opt/homebrew/Cellar/texlive/20250308_1/share/texmf-dist/tex/latex/lm/t1lmr.fd
File: t1lmr.fd 2015/05/01 v1.6.1 Font defs for Latin Modern
)
(/opt/homebrew/Cellar/texlive/20250308_1/share/texmf-dist/tex/latex/l3backend/l
3backend-pdftex.def
File: l3backend-pdftex.def 2024-05-08 L3 backend support: PDF output (pdfTeX)
\l__color_backend_stack_int=\count361
\l__pdf_internal_box=\box85
) (./main.aux)
\openout1 = `main.aux'.

LaTeX Font Info:    Checking defaults for OML/cmm/m/it on input line 14.
LaTeX Font Info:    ... okay on input line 14.
LaTeX Font Info:    Checking defaults for OMS/cmsy/m/n on input line 14.
LaTeX Font Info:    ... okay on input line 14.
LaTeX Font Info:    Checking defaults for OT1/cmr/m/n on input line 14.
LaTeX Font Info:    ... okay on input line 14.
LaTeX Font Info:    Checking defaults for T1/cmr/m/n on input line 14.
LaTeX Font Info:    ... okay on input line 14.
LaTeX Font Info:    Checking defaults for TS1/cmr/m/n on input line 14.
LaTeX Font Info:    ... okay on input line 14.
LaTeX Font Info:    Checking defaults for OMX/cmex/m/n on input line 14.
LaTeX Font Info:    ... okay on input line 14.
LaTeX Font Info:    Checking defaults for U/cmr/m/n on input line 14.
LaTeX Font Info:    ... okay on input line 14.
LaTeX Font Info:    Checking defaults for PD1/pdf/m/n on input line 14.
LaTeX Font Info:    ... okay on input line 14.
LaTeX Font Info:    Checking defaults for PU/pdf/m/n on input line 14.
LaTeX Font Info:    ... okay on input line 14.

*geometry* driver: auto-detecting
*geometry* detected driver: pdftex
*geometry* verbose mode - [ preamble ] result:
* driver: pdftex
* paper: a4paper
* layout: <same size as paper>
* layoutoffset:(h,v)=(0.0pt,0.0pt)
* modes: twoside 
* h-part:(L,W,R)=(76.82234pt, 443.86319pt, 76.82234pt)
* v-part:(T,H,B)=(76.82234pt, 691.40216pt, 76.82234pt)
* \paperwidth=597.50787pt
* \paperheight=845.04684pt
* \textwidth=443.86319pt
* \textheight=691.40216pt
* \oddsidemargin=4.55235pt
* \evensidemargin=4.55235pt
* \topmargin=-32.44765pt
* \headheight=14.0pt
* \headsep=25.0pt
* \topskip=11.0pt
* \footskip=30.0pt
* \marginparwidth=103.0pt
* \marginparsep=10.0pt
* \columnsep=10.0pt
* \skip\footins=10.0pt plus 4.0pt minus 2.0pt
* \hoffset=0.0pt
* \voffset=0.0pt
* \mag=1000
* \@twocolumnfalse
* \@twosidetrue
* \@mparswitchtrue
* \@reversemarginfalse
* (1in=72.27pt=25.4mm, 1cm=28.453pt)

LaTeX Info: Redefining \microtypecontext on input line 14.
Package microtype Info: Applying patch `item' on input line 14.
Package microtype Info: Applying patch `toc' on input line 14.
Package microtype Info: Applying patch `eqnum' on input line 14.
Package microtype Info: Applying patch `footnote' on input line 14.
Package microtype Info: Applying patch `verbatim' on input line 14.
LaTeX Info: Redefining \microtypesetup on input line 14.
Package microtype Info: Generating PDF output.
Package microtype Info: Character protrusion enabled (level 2).
Package microtype Info: Using default protrusion set `alltext'.
Package microtype Info: Automatic font expansion enabled (level 2),
(microtype)             stretch: 20, shrink: 20, step: 1, non-selected.
Package microtype Info: Using default expansion set `alltext-nott'.
LaTeX Info: Redefining \showhyphens on input line 14.
Package microtype Info: No adjustment of tracking.
Package microtype Info: No adjustment of interword spacing.
Package microtype Info: No adjustment of character kerning.

(/opt/homebrew/Cellar/texlive/20250308_1/share/texmf-dist/tex/latex/microtype/m
t-cmr.cfg
File: mt-cmr.cfg 2013/05/19 v2.2 microtype config. file: Computer Modern Roman 
(RS)
)
(/opt/homebrew/Cellar/texlive/20250308_1/share/texmf-dist/tex/context/base/mkii
/supp-pdf.mkii
[Loading MPS to PDF converter (version 2006.09.02).]
\scratchcounter=\count362
\scratchdimen=\dimen321
\scratchbox=\box86
\nofMPsegments=\count363
\nofMParguments=\count364
\everyMPshowfont=\toks49
\MPscratchCnt=\count365
\MPscratchDim=\dimen322
\MPnumerator=\count366
\makeMPintoPDFobject=\count367
\everyMPtoPDFconversion=\toks50
)
(/opt/homebrew/Cellar/texlive/20250308_1/share/texmf-dist/tex/latex/epstopdf-pk
g/epstopdf-base.sty
Package: epstopdf-base 2020-01-24 v2.11 Base part for package epstopdf
Package epstopdf-base Info: Redefining graphics rule for `.eps' on input line 4
85.

(/opt/homebrew/Cellar/texlive/20250308_1/share/texmf-dist/tex/latex/latexconfig
/epstopdf-sys.cfg
File: epstopdf-sys.cfg 2010/07/13 v1.3 Configuration of (r)epstopdf for TeX Liv
e
))
Package caption Info: Begin \AtBeginDocument code.
Package caption Info: hyperref package is loaded.
Package caption Info: longtable package is loaded.

(/opt/homebrew/Cellar/texlive/20250308_1/share/texmf-dist/tex/latex/caption/ltc
aption.sty
Package: ltcaption 2021/01/08 v1.4c longtable captions (AR)
)
Package caption Info: End \AtBeginDocument code.

(/opt/homebrew/Cellar/texlive/20250308_1/share/texmf-dist/tex/latex/translation
s/translations-basic-dictionary-english.trsl
File: translations-basic-dictionary-english.trsl (english translation file `tra
nslations-basic-dictionary')
)
Package translations Info: loading dictionary `translations-basic-dictionary' f
or `english'. on input line 14.
Package hyperref Info: Link coloring ON on input line 14.
 (./main.out) (./main.out)
\@outlinefile=\write4
\openout4 = `main.out'.

Package hyperref Info: Option `pageanchor' set `false' on input line 15.
Package microtype Info: Character `029' is missing
(microtype)             in font `T1/lmr/m/sc/10.95'.
(microtype)             Ignoring protrusion settings for this character.
Package microtype Info: Character `029' is missing
(microtype)             in font `T1/lmr/m/sc/12'.
(microtype)             Ignoring protrusion settings for this character.
LaTeX Font Info:    Trying to load font information for T1+lmtt on input line 4
4.

(/opt/homebrew/Cellar/texlive/20250308_1/share/texmf-dist/tex/latex/lm/t1lmtt.f
d
File: t1lmtt.fd 2015/05/01 v1.6.1 Font defs for Latin Modern
)
Package microtype Info: Loading generic protrusion settings for font family
(microtype)             `lmtt' (encoding: T1).
(microtype)             For optimal results, create family-specific settings.
(microtype)             See the microtype manual for details.
LaTeX Font Info:    Trying to load font information for OT1+lmr on input line 4
4.

(/opt/homebrew/Cellar/texlive/20250308_1/share/texmf-dist/tex/latex/lm/ot1lmr.f
d
File: ot1lmr.fd 2015/05/01 v1.6.1 Font defs for Latin Modern
)
LaTeX Font Info:    Trying to load font information for OML+lmm on input line 4
4.

(/opt/homebrew/Cellar/texlive/20250308_1/share/texmf-dist/tex/latex/lm/omllmm.f
d
File: omllmm.fd 2015/05/01 v1.6.1 Font defs for Latin Modern
)
LaTeX Font Info:    Trying to load font information for OMS+lmsy on input line 
44.

(/opt/homebrew/Cellar/texlive/20250308_1/share/texmf-dist/tex/latex/lm/omslmsy.
fd
File: omslmsy.fd 2015/05/01 v1.6.1 Font defs for Latin Modern
)
LaTeX Font Info:    Trying to load font information for OMX+lmex on input line 
44.

(/opt/homebrew/Cellar/texlive/20250308_1/share/texmf-dist/tex/latex/lm/omxlmex.
fd
File: omxlmex.fd 2015/05/01 v1.6.1 Font defs for Latin Modern
)
LaTeX Font Info:    External font `lmex10' loaded for size
(Font)              <10> on input line 44.
LaTeX Font Info:    External font `lmex10' loaded for size
(Font)              <7> on input line 44.
LaTeX Font Info:    External font `lmex10' loaded for size
(Font)              <5> on input line 44.
LaTeX Font Info:    Trying to load font information for U+msa on input line 44.


(/opt/homebrew/Cellar/texlive/20250308_1/share/texmf-dist/tex/latex/amsfonts/um
sa.fd
File: umsa.fd 2013/01/14 v3.01 AMS symbols A
)
(/opt/homebrew/Cellar/texlive/20250308_1/share/texmf-dist/tex/latex/microtype/m
t-msa.cfg
File: mt-msa.cfg 2006/02/04 v1.1 microtype config. file: AMS symbols (a) (RS)
)
LaTeX Font Info:    Trying to load font information for U+msb on input line 44.


(/opt/homebrew/Cellar/texlive/20250308_1/share/texmf-dist/tex/latex/amsfonts/um
sb.fd
File: umsb.fd 2013/01/14 v3.01 AMS symbols B
)
(/opt/homebrew/Cellar/texlive/20250308_1/share/texmf-dist/tex/latex/microtype/m
t-msb.cfg
File: mt-msb.cfg 2005/06/01 v1.0 microtype config. file: AMS symbols (b) (RS)
)

[1

{/opt/homebrew/Cellar/texlive/20250308_1/share/texmf-dist/fonts/map/pdftex/updm
ap/pdftex.map}{/opt/homebrew/Cellar/texlive/20250308_1/share/texmf-dist/fonts/e
nc/dvips/lm/lm-ec.enc}]
Package hyperref Info: Option `pageanchor' set `true' on input line 50.


[1] (./main.toc

[2

])
\tf@toc=\write5
\openout5 = `main.toc'.



[3{/opt/homebrew/Cellar/texlive/20250308_1/share/texmf-dist/fonts/enc/dvips/lm/
lm-rm.enc}{/opt/homebrew/Cellar/texlive/20250308_1/share/texmf-dist/fonts/enc/d
vips/lm/lm-mathit.enc}] (./tesi/01-introduction.tex
Chapter 1.
LaTeX Font Info:    External font `lmex10' loaded for size
(Font)              <10.95> on input line 16.
LaTeX Font Info:    External font `lmex10' loaded for size
(Font)              <8> on input line 16.
LaTeX Font Info:    External font `lmex10' loaded for size
(Font)              <6> on input line 16.

Underfull \vbox (badness 10000) has occurred while \output is active []



[1


{/opt/homebrew/Cellar/texlive/20250308_1/share/texmf-dist/fonts/enc/dvips/lm/lm
-mathsy.enc}{/opt/homebrew/Cellar/texlive/20250308_1/share/texmf-dist/fonts/enc
/dvips/lm/lm-mathex.enc}]

[2]
LaTeX Font Info:    Trying to load font information for T1+DejaVuSans-TLF on in
put line 172.

(/opt/homebrew/Cellar/texlive/20250308_1/share/texmf-dist/tex/latex/dejavu/T1De
jaVuSans-TLF.fd
File: T1DejaVuSans-TLF.fd 2011/10/30 Font definitions for T1/DejaVuSans-TLF.
)
LaTeX Font Info:    Font shape `T1/DejaVuSans-TLF/m/n' will be
(Font)              scaled to size 8.99994pt on input line 172.
Package microtype Info: Loading generic protrusion settings for font family
(microtype)             `DejaVuSans-TLF' (encoding: T1).
(microtype)             For optimal results, create family-specific settings.
(microtype)             See the microtype manual for details.
LaTeX Font Info:    Font shape `T1/DejaVuSans-TLF/b/n' will be
(Font)              scaled to size 8.99994pt on input line 172.
LaTeX Font Info:    Font shape `T1/DejaVuSans-TLF/m/n' will be
(Font)              scaled to size 8.09995pt on input line 173.

Underfull \vbox (badness 10000) has occurred while \output is active []



[3]) (./tesi/03-dataset.tex

[4{/opt/homebrew/Cellar/texlive/20250308_1/share/texmf-dist/fonts/enc/dvips/dej
avu/dejavusans_t1-type1.enc}]
Chapter 2.
LaTeX Font Info:    Trying to load font information for TS1+lmr on input line 2
5.

(/opt/homebrew/Cellar/texlive/20250308_1/share/texmf-dist/tex/latex/lm/ts1lmr.f
d
File: ts1lmr.fd 2015/05/01 v1.6.1 Font defs for Latin Modern
)

[5

{/opt/homebrew/Cellar/texlive/20250308_1/share/texmf-dist/fonts/enc/dvips/lm/lm
-ts1.enc}]

[6] (./generated/seasons_table_para.tex

[7] [8]) (./generated/seasons_table_hang.tex)

[9] (./generated/cleaning_witness_audit.tex)

[10]
<generated/altitude_noise.pdf, id=517, 449.27802pt x 427.59702pt>
File: generated/altitude_noise.pdf Graphic file (type pdf)
<use generated/altitude_noise.pdf>
Package pdftex.def Info: generated/altitude_noise.pdf  used on input line 363.
(pdftex.def)             Requested size: 443.86319pt x 422.46762pt.


[11]

[12 <./generated/altitude_noise.pdf>]

[13]
<generated/cleaning_defects_schematic.pdf, id=574, 449.27802pt x 507.09402pt>
File: generated/cleaning_defects_schematic.pdf Graphic file (type pdf)
<use generated/cleaning_defects_schematic.pdf>
Package pdftex.def Info: generated/cleaning_defects_schematic.pdf  used on inpu
t line 467.
(pdftex.def)             Requested size: 443.86319pt x 501.011pt.


[14 <./generated/cleaning_defects_schematic.pdf>]
<generated/horizontal_gate_explainer.pdf, id=602, 488.45355pt x 319.19202pt>
File: generated/horizontal_gate_explainer.pdf Graphic file (type pdf)
<use generated/horizontal_gate_explainer.pdf>
Package pdftex.def Info: generated/horizontal_gate_explainer.pdf  used on input
 line 563.
(pdftex.def)             Requested size: 443.86319pt x 290.06093pt.


[15]
LaTeX Font Info:    Trying to load font information for OT1+DejaVuSans-TLF on i
nput line 622.

(/opt/homebrew/Cellar/texlive/20250308_1/share/texmf-dist/tex/latex/dejavu/OT1D
ejaVuSans-TLF.fd
File: OT1DejaVuSans-TLF.fd 2011/10/30 Font definitions for OT1/DejaVuSans-TLF.
)
LaTeX Font Info:    Font shape `OT1/DejaVuSans-TLF/m/n' will be
(Font)              scaled to size 8.09995pt on input line 622.
Package microtype Info: Loading generic protrusion settings for font family
(microtype)             `DejaVuSans-TLF' (encoding: OT1).
(microtype)             For optimal results, create family-specific settings.
(microtype)             See the microtype manual for details.
LaTeX Font Info:    Font shape `OT1/DejaVuSans-TLF/m/n' will be
(Font)              scaled to size 5.39996pt on input line 622.
LaTeX Font Info:    Font shape `OT1/DejaVuSans-TLF/m/n' will be
(Font)              scaled to size 4.49997pt on input line 622.
LaTeX Font Info:    Font shape `OT1/DejaVuSans-TLF/m/sl' in size <9> not availa
ble
(Font)              Font shape `OT1/DejaVuSans-TLF/m/it' tried instead on input
 line 622.
LaTeX Font Info:    Font shape `OT1/DejaVuSans-TLF/m/it' will be
(Font)              scaled to size 8.09995pt on input line 622.
LaTeX Font Info:    Font shape `OT1/DejaVuSans-TLF/m/sl' in size <6> not availa
ble
(Font)              Font shape `OT1/DejaVuSans-TLF/m/it' tried instead on input
 line 622.
LaTeX Font Info:    Font shape `OT1/DejaVuSans-TLF/m/it' will be
(Font)              scaled to size 5.39996pt on input line 622.
LaTeX Font Info:    Font shape `OT1/DejaVuSans-TLF/m/sl' in size <5> not availa
ble
(Font)              Font shape `OT1/DejaVuSans-TLF/m/it' tried instead on input
 line 622.
LaTeX Font Info:    Font shape `OT1/DejaVuSans-TLF/m/it' will be
(Font)              scaled to size 4.49997pt on input line 622.
LaTeX Font Info:    External font `lmex10' loaded for size
(Font)              <9> on input line 622.
LaTeX Font Info:    Font shape `T1/DejaVuSans-TLF/m/n' will be
(Font)              scaled to size 5.39996pt on input line 622.
LaTeX Font Info:    Font shape `T1/DejaVuSans-TLF/m/n' will be
(Font)              scaled to size 4.49997pt on input line 622.
LaTeX Font Info:    Font shape `OT1/DejaVuSans-TLF/m/sl' in size <10.95> not av
ailable
(Font)              Font shape `OT1/DejaVuSans-TLF/m/it' tried instead on input
 line 622.
LaTeX Font Info:    Font shape `OT1/DejaVuSans-TLF/m/it' will be
(Font)              scaled to size 9.85492pt on input line 622.
LaTeX Font Info:    Font shape `OT1/DejaVuSans-TLF/m/sl' in size <8> not availa
ble
(Font)              Font shape `OT1/DejaVuSans-TLF/m/it' tried instead on input
 line 622.
LaTeX Font Info:    Font shape `OT1/DejaVuSans-TLF/m/it' will be
(Font)              scaled to size 7.19995pt on input line 622.
LaTeX Font Info:    Font shape `OT1/DejaVuSans-TLF/m/n' will be
(Font)              scaled to size 8.99994pt on input line 634.
LaTeX Font Info:    Font shape `OT1/DejaVuSans-TLF/m/n' will be
(Font)              scaled to size 6.29996pt on input line 634.
LaTeX Font Info:    Font shape `OT1/DejaVuSans-TLF/m/sl' in size <10> not avail
able
(Font)              Font shape `OT1/DejaVuSans-TLF/m/it' tried instead on input
 line 634.
LaTeX Font Info:    Font shape `OT1/DejaVuSans-TLF/m/it' will be
(Font)              scaled to size 8.99994pt on input line 634.
LaTeX Font Info:    Font shape `OT1/DejaVuSans-TLF/m/sl' in size <7> not availa
ble
(Font)              Font shape `OT1/DejaVuSans-TLF/m/it' tried instead on input
 line 634.
LaTeX Font Info:    Font shape `OT1/DejaVuSans-TLF/m/it' will be
(Font)              scaled to size 6.29996pt on input line 634.
LaTeX Font Info:    Font shape `T1/DejaVuSans-TLF/m/n' will be
(Font)              scaled to size 6.29996pt on input line 648.


[16 <./generated/horizontal_gate_explainer.pdf>]

[17{/opt/homebrew/Cellar/texlive/20250308_1/share/texmf-dist/fonts/enc/dvips/de
javu/dejavusans_ot1.enc}]
<generated/vertical_median_explainer.pdf, id=675, 449.27802pt x 507.09402pt>
File: generated/vertical_median_explainer.pdf Graphic file (type pdf)
<use generated/vertical_median_explainer.pdf>
Package pdftex.def Info: generated/vertical_median_explainer.pdf  used on input
 line 765.
(pdftex.def)             Requested size: 443.86319pt x 501.011pt.


[18 <./generated/vertical_median_explainer.pdf>]
<generated/fixlevel_diagnostics.pdf, id=697, 449.27802pt x 239.695pt>
File: generated/fixlevel_diagnostics.pdf Graphic file (type pdf)
<use generated/fixlevel_diagnostics.pdf>
Package pdftex.def Info: generated/fixlevel_diagnostics.pdf  used on input line
 824.
(pdftex.def)             Requested size: 443.86319pt x 236.81966pt.


[19]

[20 <./generated/fixlevel_diagnostics.pdf>]
<generated/cleaning_real_examples.pdf, id=746, 449.27594pt x 514.32103pt>
File: generated/cleaning_real_examples.pdf Graphic file (type pdf)
<use generated/cleaning_real_examples.pdf>
Package pdftex.def Info: generated/cleaning_real_examples.pdf  used on input li
ne 1005.
(pdftex.def)             Requested size: 417.23247pt x 477.66225pt.


[21]

[22 <./generated/cleaning_real_examples.pdf>]
<generated/trim_split_seconds.pdf, id=789, 449.27802pt x 225.24101pt>
File: generated/trim_split_seconds.pdf Graphic file (type pdf)
<use generated/trim_split_seconds.pdf>
Package pdftex.def Info: generated/trim_split_seconds.pdf  used on input line 1
055.
(pdftex.def)             Requested size: 443.86319pt x 222.53905pt.


[23 <./generated/trim_split_seconds.pdf>]
<generated/trim_interior_excisions.pdf, id=815, 449.27802pt x 210.78702pt>
File: generated/trim_interior_excisions.pdf Graphic file (type pdf)
<use generated/trim_interior_excisions.pdf>
Package pdftex.def Info: generated/trim_interior_excisions.pdf  used on input l
ine 1096.
(pdftex.def)             Requested size: 377.2864pt x 177.02129pt.


[24 <./generated/trim_interior_excisions.pdf>]
<generated/preproc_diagnostics.pdf, id=835, 449.27802pt x 543.22902pt>
File: generated/preproc_diagnostics.pdf Graphic file (type pdf)
<use generated/preproc_diagnostics.pdf>
Package pdftex.def Info: generated/preproc_diagnostics.pdf  used on input line 
1184.
(pdftex.def)             Requested size: 443.86319pt x 536.71252pt.


[25]

[26 <./generated/preproc_diagnostics.pdf>]
LaTeX Font Info:    Font shape `T1/DejaVuSans-TLF/m/n' will be
(Font)              scaled to size 9.85492pt on input line 1338.
LaTeX Font Info:    Font shape `OT1/DejaVuSans-TLF/bx/n' in size <10> not avail
able
(Font)              Font shape `OT1/DejaVuSans-TLF/b/n' tried instead on input 
line 1489.
LaTeX Font Info:    Font shape `OT1/DejaVuSans-TLF/b/n' will be
(Font)              scaled to size 8.99994pt on input line 1489.
LaTeX Font Info:    Font shape `OT1/DejaVuSans-TLF/bx/n' in size <7> not availa
ble
(Font)              Font shape `OT1/DejaVuSans-TLF/b/n' tried instead on input 
line 1489.
LaTeX Font Info:    Font shape `OT1/DejaVuSans-TLF/b/n' will be
(Font)              scaled to size 6.29996pt on input line 1489.
LaTeX Font Info:    Font shape `OT1/DejaVuSans-TLF/bx/n' in size <5> not availa
ble
(Font)              Font shape `OT1/DejaVuSans-TLF/b/n' tried instead on input 
line 1489.
LaTeX Font Info:    Font shape `OT1/DejaVuSans-TLF/b/n' will be
(Font)              scaled to size 4.49997pt on input line 1489.


[27]
<generated/sampling_intervals.pdf, id=897, 449.27802pt x 225.24101pt>
File: generated/sampling_intervals.pdf Graphic file (type pdf)
<use generated/sampling_intervals.pdf>
Package pdftex.def Info: generated/sampling_intervals.pdf  used on input line 1
536.
(pdftex.def)             Requested size: 443.86319pt x 222.53905pt.
LaTeX Font Info:    Font shape `OT1/DejaVuSans-TLF/bx/n' in size <9> not availa
ble
(Font)              Font shape `OT1/DejaVuSans-TLF/b/n' tried instead on input 
line 1581.
LaTeX Font Info:    Font shape `OT1/DejaVuSans-TLF/b/n' will be
(Font)              scaled to size 8.09995pt on input line 1581.
LaTeX Font Info:    Font shape `OT1/DejaVuSans-TLF/bx/n' in size <6> not availa
ble
(Font)              Font shape `OT1/DejaVuSans-TLF/b/n' tried instead on input 
line 1581.
LaTeX Font Info:    Font shape `OT1/DejaVuSans-TLF/b/n' will be
(Font)              scaled to size 5.39996pt on input line 1581.


[28]

[29 <./generated/sampling_intervals.pdf>]
<generated/gap_diagnostics.pdf, id=936, 449.27802pt x 405.916pt>
File: generated/gap_diagnostics.pdf Graphic file (type pdf)
<use generated/gap_diagnostics.pdf>
Package pdftex.def Info: generated/gap_diagnostics.pdf  used on input line 1689
.
(pdftex.def)             Requested size: 443.86319pt x 401.04668pt.


[30]

[31 <./generated/gap_diagnostics.pdf>]
<generated/savgol_explainer.pdf, id=971, 440.84702pt x 234.8775pt>
File: generated/savgol_explainer.pdf Graphic file (type pdf)
<use generated/savgol_explainer.pdf>
Package pdftex.def Info: generated/savgol_explainer.pdf  used on input line 176
6.
(pdftex.def)             Requested size: 443.86319pt x 236.48251pt.


[32]
<generated/savgol_spectrum.pdf, id=988, 436.55096pt x 239.61661pt>
File: generated/savgol_spectrum.pdf Graphic file (type pdf)
<use generated/savgol_spectrum.pdf>
Package pdftex.def Info: generated/savgol_spectrum.pdf  used on input line 1837
.
(pdftex.def)             Requested size: 443.86319pt x 243.63788pt.


[33 <./generated/savgol_explainer.pdf>]
<generated/savgol_response.pdf, id=1021, 440.84702pt x 220.42351pt>
File: generated/savgol_response.pdf Graphic file (type pdf)
<use generated/savgol_response.pdf>
Package pdftex.def Info: generated/savgol_response.pdf  used on input line 1893
.
(pdftex.def)             Requested size: 443.86319pt x 221.92975pt.


[34 <./generated/savgol_spectrum.pdf>]
LaTeX Font Info:    Font shape `T1/DejaVuSans-TLF/m/it' will be
(Font)              scaled to size 8.09995pt on input line 2031.


[35 <./generated/savgol_response.pdf>]

[36]

[37] [38]

[39]
<generated/prelim_ensemble.pdf, id=1132, 440.84702pt x 383.031pt>
File: generated/prelim_ensemble.pdf Graphic file (type pdf)
<use generated/prelim_ensemble.pdf>
Package pdftex.def Info: generated/prelim_ensemble.pdf  used on input line 2357
.
(pdftex.def)             Requested size: 443.86319pt x 385.64842pt.
<generated/dataset_seasons.pdf, id=1138, 440.84702pt x 491.436pt>
File: generated/dataset_seasons.pdf Graphic file (type pdf)
<use generated/dataset_seasons.pdf>
Package pdftex.def Info: generated/dataset_seasons.pdf  used on input line 2406
.
(pdftex.def)             Requested size: 443.86319pt x 494.7942pt.


[40]

[41 <./generated/prelim_ensemble.pdf>]

[42 <./generated/dataset_seasons.pdf>] (./generated/regional_boxes_table.tex)
<generated/prelim_map.pdf, id=1205, 448.22035pt x 507.38998pt>
File: generated/prelim_map.pdf Graphic file (type pdf)
<use generated/prelim_map.pdf>
Package pdftex.def Info: generated/prelim_map.pdf  used on input line 2485.
(pdftex.def)             Requested size: 443.86319pt x 502.45699pt.
<generated/terrain_map.pdf, id=1210, 434.86966pt x 419.71454pt>
File: generated/terrain_map.pdf Graphic file (type pdf)
<use generated/terrain_map.pdf>
Package pdftex.def Info: generated/terrain_map.pdf  used on input line 2530.
(pdftex.def)             Requested size: 443.86319pt x 428.41696pt.


[43]

[44 <./generated/prelim_map.pdf>]) (./tesi/04-fixed-transport.tex

[45 <./generated/terrain_map.pdf>]
Chapter 3.
(./generated/ch3_transport_values.tex)
(./generated/ch3_transport_grid_bootstrap_values.tex)
(./generated/ch3_transport_origin_dependence_values.tex)
(./generated/ch3_conditional_values.tex) (./generated/ch3_factorial_values.tex)


[46

] (./generated/ch3_transport_interpolation_table.tex)

[47]
<generated/ch3_transport_general.pdf, id=1274, 521.54805pt x 449.27802pt>
File: generated/ch3_transport_general.pdf Graphic file (type pdf)
<use generated/ch3_transport_general.pdf>
Package pdftex.def Info: generated/ch3_transport_general.pdf  used on input lin
e 136.
(pdftex.def)             Requested size: 443.86319pt x 382.36798pt.
<generated/ch3_transport_general_slopes.pdf, id=1275, 521.54805pt x 210.78702pt
>
File: generated/ch3_transport_general_slopes.pdf Graphic file (type pdf)
<use generated/ch3_transport_general_slopes.pdf>
Package pdftex.def Info: generated/ch3_transport_general_slopes.pdf  used on in
put line 149.
(pdftex.def)             Requested size: 443.86319pt x 179.39494pt.
<generated/ch3_transport_general_residuals.pdf, id=1283, 521.54805pt x 210.7870
2pt>
File: generated/ch3_transport_general_residuals.pdf Graphic file (type pdf)
<use generated/ch3_transport_general_residuals.pdf>
Package pdftex.def Info: generated/ch3_transport_general_residuals.pdf  used on
 input line 189.
(pdftex.def)             Requested size: 443.86319pt x 179.39494pt.
 (./generated/ch3_transport_support_table.tex)

[48]

[49 <./generated/ch3_transport_general.pdf> <./generated/ch3_transport_general_
slopes.pdf>]

[50 <./generated/ch3_transport_general_residuals.pdf>]
Underfull \hbox (badness 10000) in paragraph at lines 269--284

 []


Underfull \hbox (badness 10000) in paragraph at lines 327--330

 []


Underfull \hbox (badness 10000) in paragraph at lines 327--330

 []



[51] (./generated/ch3_transport_cluster_context.tex)

[52] (./generated/ch3_transport_grid_bootstrap_support.tex)
<generated/ch3_transport_grid_bootstrap.pdf, id=1459, 521.54805pt x 354.3235pt>

File: generated/ch3_transport_grid_bootstrap.pdf Graphic file (type pdf)
<use generated/ch3_transport_grid_bootstrap.pdf>
Package pdftex.def Info: generated/ch3_transport_grid_bootstrap.pdf  used on in
put line 418.
(pdftex.def)             Requested size: 443.86319pt x 301.55486pt.


[53 <./generated/ch3_transport_grid_bootstrap.pdf>]
(./generated/ch3_transport_cohort_table.tex)

[54]
<generated/ch3_transport_cohorts.pdf, id=1516, 521.55142pt x 420.37003pt>
File: generated/ch3_transport_cohorts.pdf Graphic file (type pdf)
<use generated/ch3_transport_cohorts.pdf>
Package pdftex.def Info: generated/ch3_transport_cohorts.pdf  used on input lin
e 540.
(pdftex.def)             Requested size: 443.86319pt x 357.7652pt.
 (./generated/ch3_transport_cohort_contrast_table.tex)
Underfull \hbox (badness 10000) in paragraph at lines 562--570

 []



[55]

[56 <./generated/ch3_transport_cohorts.pdf>]

[57]
<generated/ch3_conditional_altitude.pdf, id=1586, 521.54805pt x 275.83003pt>
File: generated/ch3_conditional_altitude.pdf Graphic file (type pdf)
<use generated/ch3_conditional_altitude.pdf>
Package pdftex.def Info: generated/ch3_conditional_altitude.pdf  used on input 
line 676.
(pdftex.def)             Requested size: 443.86319pt x 234.75124pt.


[58 <./generated/ch3_conditional_altitude.pdf>]
<generated/ch3_conditional_regions.pdf, id=1637, 521.54805pt x 275.83003pt>
File: generated/ch3_conditional_regions.pdf Graphic file (type pdf)
<use generated/ch3_conditional_regions.pdf>
Package pdftex.def Info: generated/ch3_conditional_regions.pdf  used on input l
ine 772.
(pdftex.def)             Requested size: 443.86319pt x 234.75124pt.


[59] (./generated/ch3_conditional_regional_table.tex)

[60 <./generated/ch3_conditional_regions.pdf>]
<generated/ch3_conditional_circuit.pdf, id=1694, 521.54805pt x 275.83003pt>
File: generated/ch3_conditional_circuit.pdf Graphic file (type pdf)
<use generated/ch3_conditional_circuit.pdf>
Package pdftex.def Info: generated/ch3_conditional_circuit.pdf  used on input l
ine 834.
(pdftex.def)             Requested size: 443.86319pt x 234.75124pt.


[61 <./generated/ch3_conditional_circuit.pdf>]
<generated/ch3_transport_task_altitude.pdf, id=1743, 521.54805pt x 254.14902pt>

File: generated/ch3_transport_task_altitude.pdf Graphic file (type pdf)
<use generated/ch3_transport_task_altitude.pdf>
Package pdftex.def Info: generated/ch3_transport_task_altitude.pdf  used on inp
ut line 880.
(pdftex.def)             Requested size: 443.86319pt x 216.29913pt.

(./generated/ch3_transport_task_table.tex)

[62 <./generated/ch3_transport_task_altitude.pdf>]

[63]
<generated/ch3_conditional_equipment.pdf, id=1800, 521.54805pt x 275.83003pt>
File: generated/ch3_conditional_equipment.pdf Graphic file (type pdf)
<use generated/ch3_conditional_equipment.pdf>
Package pdftex.def Info: generated/ch3_conditional_equipment.pdf  used on input
 line 981.
(pdftex.def)             Requested size: 443.86319pt x 234.75124pt.
<generated/ch3_conditional_equipment_altitude.pdf, id=1804, 521.54805pt x 275.8
3003pt>
File: generated/ch3_conditional_equipment_altitude.pdf Graphic file (type pdf)
<use generated/ch3_conditional_equipment_altitude.pdf>
Package pdftex.def Info: generated/ch3_conditional_equipment_altitude.pdf  used
 on input line 1005.
(pdftex.def)             Requested size: 443.86319pt x 234.75124pt.
 (./generated/ch3_conditional_equipment_table.tex)

[64 <./generated/ch3_conditional_equipment.pdf>]

[65 <./generated/ch3_conditional_equipment_altitude.pdf>]
<generated/ch3_factorial_cells.pdf, id=1903, 521.28926pt x 442.05101pt>
File: generated/ch3_factorial_cells.pdf Graphic file (type pdf)
<use generated/ch3_factorial_cells.pdf>
Package pdftex.def Info: generated/ch3_factorial_cells.pdf  used on input line 
1126.
(pdftex.def)             Requested size: 443.86319pt x 376.39267pt.

(./generated/ch3_factorial_decomposition.tex)

[66]

[67 <./generated/ch3_factorial_cells.pdf>]
<generated/ch3_factorial_contrasts.pdf, id=1969, 521.50859pt x 254.14902pt>
File: generated/ch3_factorial_contrasts.pdf Graphic file (type pdf)
<use generated/ch3_factorial_contrasts.pdf>
Package pdftex.def Info: generated/ch3_factorial_contrasts.pdf  used on input l
ine 1221.
(pdftex.def)             Requested size: 443.86319pt x 216.31078pt.


[68 <./generated/ch3_factorial_contrasts.pdf>]
(./generated/ch3_factorial_sensitivity.tex)
(./generated/ch3_factorial_windows.tex)

[69]

[70]
<generated/ch3_transport_quantiles_para.pdf, id=2042, 521.5962pt x 362.55402pt>

File: generated/ch3_transport_quantiles_para.pdf Graphic file (type pdf)
<use generated/ch3_transport_quantiles_para.pdf>
Package pdftex.def Info: generated/ch3_transport_quantiles_para.pdf  used on in
put line 1390.
(pdftex.def)             Requested size: 443.86319pt x 308.52089pt.
<generated/ch3_transport_quantiles_hang.pdf, id=2044, 521.47502pt x 362.55402pt
>
File: generated/ch3_transport_quantiles_hang.pdf Graphic file (type pdf)
<use generated/ch3_transport_quantiles_hang.pdf>
Package pdftex.def Info: generated/ch3_transport_quantiles_hang.pdf  used on in
put line 1398.
(pdftex.def)             Requested size: 443.86319pt x 308.5928pt.
<generated/ch3_transport_quantile_exponents.pdf, id=2045, 521.54805pt x 333.646
01pt>
File: generated/ch3_transport_quantile_exponents.pdf Graphic file (type pdf)
<use generated/ch3_transport_quantile_exponents.pdf>
Package pdftex.def Info: generated/ch3_transport_quantile_exponents.pdf  used o
n input line 1405.
(pdftex.def)             Requested size: 443.86319pt x 283.9568pt.


[71 <./generated/ch3_transport_quantiles_para.pdf>]

[72 <./generated/ch3_transport_quantiles_hang.pdf> <./generated/ch3_transport_q
uantile_exponents.pdf>] (./generated/ch3_transport_fit_table.tex)
<generated/ch3_transport_fixed_slopes.pdf, id=2214, 521.54805pt x 210.78702pt>
File: generated/ch3_transport_fixed_slopes.pdf Graphic file (type pdf)
<use generated/ch3_transport_fixed_slopes.pdf>
Package pdftex.def Info: generated/ch3_transport_fixed_slopes.pdf  used on inpu
t line 1461.
(pdftex.def)             Requested size: 443.86319pt x 179.39494pt.
<generated/ch3_transport_spectrum.pdf, id=2215, 521.54805pt x 333.64601pt>
File: generated/ch3_transport_spectrum.pdf Graphic file (type pdf)
<use generated/ch3_transport_spectrum.pdf>
Package pdftex.def Info: generated/ch3_transport_spectrum.pdf  used on input li
ne 1469.
(pdftex.def)             Requested size: 443.86319pt x 283.9568pt.

(./generated/ch3_transport_scaling_table.tex)

[73 <./generated/ch3_transport_fixed_slopes.pdf>]
<generated/ch3_transport_kurtosis.pdf, id=2252, 521.54805pt x 218.01402pt>
File: generated/ch3_transport_kurtosis.pdf Graphic file (type pdf)
<use generated/ch3_transport_kurtosis.pdf>
Package pdftex.def Info: generated/ch3_transport_kurtosis.pdf  used on input li
ne 1511.
(pdftex.def)             Requested size: 443.86319pt x 185.54564pt.


[74 <./generated/ch3_transport_spectrum.pdf>]

[75 <./generated/ch3_transport_kurtosis.pdf>]
<generated/ch3_transport_origin_dependence.pdf, id=2352, 521.54805pt x 377.0080
1pt>
File: generated/ch3_transport_origin_dependence.pdf Graphic file (type pdf)
<use generated/ch3_transport_origin_dependence.pdf>
Package pdftex.def Info: generated/ch3_transport_origin_dependence.pdf  used on
 input line 1578.
(pdftex.def)             Requested size: 443.86319pt x 320.86101pt.


[76 <./generated/ch3_transport_origin_dependence.pdf>]) (./main.bbl

[77]

[78

]
Underfull \hbox (badness 10000) in paragraph at lines 80--85
[]\T1/lmr/m/n/10.95 (+20) scikit-learn de-vel-op-ers.  \T1/lmtt/m/n/10.95 sklea
rn.metrics.pairwise.haversine_distances\T1/lmr/m/n/10.95 (+20) .
 []


Underfull \hbox (badness 1902) in paragraph at lines 80--85
\T1/lmr/m/n/10.95 (+20) scikit-learn API ref-er-ence.  States the great-circle 
for-mula used here. [][]$\T1/lmtt/m/n/10.95 https :
 []


Underfull \hbox (badness 10000) in paragraph at lines 80--85
\T1/lmtt/m/n/10.95 / / scikit-[]learn . org / stable / modules / generated / sk
learn . metrics . pairwise .
 []



[79])

[80]

[81

] (./tesi/B-psd.tex
Appendix 2.A.


[82

]) (./tesi/geodesy.tex

[83]
Appendix 2.B.
LaTeX Font Info:    External font `lmex10' loaded for size
(Font)              <24.88> on input line 5.
LaTeX Font Info:    External font `lmex10' loaded for size
(Font)              <20.74> on input line 5.
LaTeX Font Info:    External font `lmex10' loaded for size
(Font)              <17.28> on input line 5.
LaTeX Font Info:    Font shape `OT1/DejaVuSans-TLF/m/sl' in size <24.88> not av
ailable
(Font)              Font shape `OT1/DejaVuSans-TLF/m/it' tried instead on input
 line 5.
LaTeX Font Info:    Font shape `OT1/DejaVuSans-TLF/m/it' will be
(Font)              scaled to size 22.39185pt on input line 5.
LaTeX Font Info:    Font shape `OT1/DejaVuSans-TLF/m/sl' in size <20.74> not av
ailable
(Font)              Font shape `OT1/DejaVuSans-TLF/m/it' tried instead on input
 line 5.
LaTeX Font Info:    Font shape `OT1/DejaVuSans-TLF/m/it' will be
(Font)              scaled to size 18.66588pt on input line 5.
LaTeX Font Info:    Font shape `OT1/DejaVuSans-TLF/m/sl' in size <17.28> not av
ailable
(Font)              Font shape `OT1/DejaVuSans-TLF/m/it' tried instead on input
 line 5.
LaTeX Font Info:    Font shape `OT1/DejaVuSans-TLF/m/it' will be
(Font)              scaled to size 15.55188pt on input line 5.


[84

]

[85]
LaTeX Font Info:    Trying to load font information for OT1+lmss on input line 
166.

(/opt/homebrew/Cellar/texlive/20250308_1/share/texmf-dist/tex/latex/lm/ot1lmss.
fd
File: ot1lmss.fd 2015/05/01 v1.6.1 Font defs for Latin Modern
)
Package microtype Info: Loading generic protrusion settings for font family
(microtype)             `lmss' (encoding: OT1).
(microtype)             For optimal results, create family-specific settings.
(microtype)             See the microtype manual for details.


[86])

[87] (./main.aux)
 ***********
LaTeX2e <2024-11-01> patch level 2
L3 programming layer <2025-01-18>
 ***********
Package rerunfilecheck Info: File `main.out' has not changed.
(rerunfilecheck)             Checksum: 993B63FEFD8EEAC8A67C9E7E2FB5EB8E;15283.
 ) 
Here is how much of TeX's memory you used:
 37737 strings out of 473190
 790968 string characters out of 5704335
 1165984 words of memory out of 5000000
 59175 multiletter control sequences out of 15000+600000
 780425 words of font info for 525 fonts, out of 8000000 for 9000
 1141 hyphenation exceptions out of 8191
 89i,17n,90p,1001b,1696s stack positions out of 10000i,1000n,20000p,200000b,200000s
</opt/homebrew/Cellar/texlive/20250308_1/share/texmf-dist/fonts/type1/public/
dejavu/DejaVuSans-Bold.pfb></opt/homebrew/Cellar/texlive/20250308_1/share/texmf
-dist/fonts/type1/public/dejavu/DejaVuSans-Oblique.pfb></opt/homebrew/Cellar/te
xlive/20250308_1/share/texmf-dist/fonts/type1/public/dejavu/DejaVuSans.pfb></op
t/homebrew/Cellar/texlive/20250308_1/share/texmf-dist/fonts/type1/public/amsfon
ts/cm/cmmi10.pfb></opt/homebrew/Cellar/texlive/20250308_1/share/texmf-dist/font
s/type1/public/amsfonts/cm/cmmi9.pfb></opt/homebrew/Cellar/texlive/20250308_1/s
hare/texmf-dist/fonts/type1/public/amsfonts/cm/cmsy10.pfb></opt/homebrew/Cellar
/texlive/20250308_1/share/texmf-dist/fonts/type1/public/amsfonts/cm/cmsy6.pfb><
/opt/homebrew/Cellar/texlive/20250308_1/share/texmf-dist/fonts/type1/public/ams
fonts/cm/cmsy9.pfb></opt/homebrew/Cellar/texlive/20250308_1/share/texmf-dist/fo
nts/type1/public/lm/lmbx10.pfb></opt/homebrew/Cellar/texlive/20250308_1/share/t
exmf-dist/fonts/type1/public/lm/lmbx12.pfb></opt/homebrew/Cellar/texlive/202503
08_1/share/texmf-dist/fonts/type1/public/lm/lmbx8.pfb></opt/homebrew/Cellar/tex
live/20250308_1/share/texmf-dist/fonts/type1/public/lm/lmbx9.pfb></opt/homebrew
/Cellar/texlive/20250308_1/share/texmf-dist/fonts/type1/public/lm/lmcsc10.pfb><
/opt/homebrew/Cellar/texlive/20250308_1/share/texmf-dist/fonts/type1/public/lm/
lmex10.pfb></opt/homebrew/Cellar/texlive/20250308_1/share/texmf-dist/fonts/type
1/public/lm/lmmi10.pfb></opt/homebrew/Cellar/texlive/20250308_1/share/texmf-dis
t/fonts/type1/public/lm/lmmi12.pfb></opt/homebrew/Cellar/texlive/20250308_1/sha
re/texmf-dist/fonts/type1/public/lm/lmmi6.pfb></opt/homebrew/Cellar/texlive/202
50308_1/share/texmf-dist/fonts/type1/public/lm/lmmi7.pfb></opt/homebrew/Cellar/
texlive/20250308_1/share/texmf-dist/fonts/type1/public/lm/lmmi8.pfb></opt/homeb
rew/Cellar/texlive/20250308_1/share/texmf-dist/fonts/type1/public/lm/lmmi9.pfb>
</opt/homebrew/Cellar/texlive/20250308_1/share/texmf-dist/fonts/type1/public/lm
/lmmib10.pfb></opt/homebrew/Cellar/texlive/20250308_1/share/texmf-dist/fonts/ty
pe1/public/lm/lmr10.pfb></opt/homebrew/Cellar/texlive/20250308_1/share/texmf-di
st/fonts/type1/public/lm/lmr12.pfb></opt/homebrew/Cellar/texlive/20250308_1/sha
re/texmf-dist/fonts/type1/public/lm/lmr17.pfb></opt/homebrew/Cellar/texlive/202
50308_1/share/texmf-dist/fonts/type1/public/lm/lmr5.pfb></opt/homebrew/Cellar/t
exlive/20250308_1/share/texmf-dist/fonts/type1/public/lm/lmr6.pfb></opt/homebre
w/Cellar/texlive/20250308_1/share/texmf-dist/fonts/type1/public/lm/lmr7.pfb></o
pt/homebrew/Cellar/texlive/20250308_1/share/texmf-dist/fonts/type1/public/lm/lm
r8.pfb></opt/homebrew/Cellar/texlive/20250308_1/share/texmf-dist/fonts/type1/pu
blic/lm/lmr9.pfb></opt/homebrew/Cellar/texlive/20250308_1/share/texmf-dist/font
s/type1/public/lm/lmri10.pfb></opt/homebrew/Cellar/texlive/20250308_1/share/tex
mf-dist/fonts/type1/public/lm/lmri12.pfb></opt/homebrew/Cellar/texlive/20250308
_1/share/texmf-dist/fonts/type1/public/lm/lmss8.pfb></opt/homebrew/Cellar/texli
ve/20250308_1/share/texmf-dist/fonts/type1/public/lm/lmsy10.pfb></opt/homebrew/
Cellar/texlive/20250308_1/share/texmf-dist/fonts/type1/public/lm/lmsy6.pfb></op
t/homebrew/Cellar/texlive/20250308_1/share/texmf-dist/fonts/type1/public/lm/lms
y7.pfb></opt/homebrew/Cellar/texlive/20250308_1/share/texmf-dist/fonts/type1/pu
blic/lm/lmsy8.pfb></opt/homebrew/Cellar/texlive/20250308_1/share/texmf-dist/fon
ts/type1/public/lm/lmtt10.pfb></opt/homebrew/Cellar/texlive/20250308_1/share/te
xmf-dist/fonts/type1/public/amsfonts/symbols/msam10.pfb></opt/homebrew/Cellar/t
exlive/20250308_1/share/texmf-dist/fonts/type1/public/amsfonts/symbols/msbm10.p
fb>
Output written on main.pdf (91 pages, 4040630 bytes).
PDF statistics:
 2806 PDF objects out of 2984 (max. 8388607)
 2018 compressed objects within 21 object streams
 399 named destinations out of 1000 (max. 500000)
 156835 words of extra memory for PDF output out of 184870 (max. 10000000)

