/Users/runner/work/crossbow/crossbow/arrow/cpp/src/arrow/util/cpu_info.cc:242: IOError: sysctlbyname failed for 'hw.l1dcachesize'. Detail: [errno 1] Operation not permitted
/Users/runner/work/crossbow/crossbow/arrow/cpp/src/arrow/util/cpu_info.cc:242: IOError: sysctlbyname failed for 'hw.l2cachesize'. Detail: [errno 1] Operation not permitted
/Users/runner/work/crossbow/crossbow/arrow/cpp/src/arrow/util/cpu_info.cc:242: IOError: sysctlbyname failed for 'hw.l3cachesize'. Detail: [errno 1] Operation not permitted
/Users/runner/work/crossbow/crossbow/arrow/cpp/src/arrow/util/cpu_info.cc:242: IOError: sysctlbyname failed for 'hw.optional.neon'. Detail: [errno 1] Operation not permitted
paragliders: catalog, map, filters and 4 flights OK
hang gliders: catalog, map, filters and 4 flights OK
12 cells, 24 method/day selections, 39 backgrounds and database integrity OK
/Users/matteodisante/.matplotlib is not a writable directory
Matplotlib created a temporary cache directory at /var/folders/j5/c4x_f8yj2677rf4jd7hkcf0m0000gn/T/matplotlib-hvuoioq2 because there was an issue with the default path ({configdir}); it is highly recommended to set the MPLCONFIGDIR environment variable to a writable directory, in particular to speed up the import of Matplotlib and to better support multiprocessing.

Fontconfig error: No writable cache directories
	/opt/homebrew/var/cache/fontconfig
	/Users/matteodisante/.cache/fontconfig
	/Users/matteodisante/.fontconfig

Fontconfig error: No writable cache directories
	/opt/homebrew/var/cache/fontconfig
	/Users/matteodisante/.cache/fontconfig
	/Users/matteodisante/.fontconfig

Fontconfig error: No writable cache directories
	/opt/homebrew/var/cache/fontconfig
	/Users/matteodisante/.cache/fontconfig
	/Users/matteodisante/.fontconfig

Fontconfig error: No writable cache directories
	/opt/homebrew/var/cache/fontconfig
	/Users/matteodisante/.cache/fontconfig
	/Users/matteodisante/.fontconfig
Matplotlib is building the font cache; this may take a moment.
qt.qpa.fonts: Populating font family aliases took 36 ms. Replace uses of missing font family "Sans Serif" with one that exists to avoid this cost.
This plugin does not support propagateSizeHints()
Real-data GUI 2D/3D, frames, segmentations, comparison, climb filter and PDF export OK
